Bringing machine 'node-gitlab-tr' up with 'virtualbox' provider...
Bringing machine 'node-redmine-tr' up with 'virtualbox' provider...
Bringing machine 'node-mattermost-tr' up with 'virtualbox' provider...
Bringing machine 'node-control-tr' up with 'virtualbox' provider...
==> node-gitlab-tr: Importing base box 'ubuntu/jammy64'...

[KProgress: 90%
[K==> node-gitlab-tr: Matching MAC address for NAT networking...
==> node-gitlab-tr: Setting the name of the VM: node-gitlab-tr
==> node-gitlab-tr: Clearing any previously set network interfaces...
==> node-gitlab-tr: Preparing network interfaces based on configuration...
    node-gitlab-tr: Adapter 1: nat
    node-gitlab-tr: Adapter 2: hostonly
==> node-gitlab-tr: Forwarding ports...
    node-gitlab-tr: 22 (guest) => 2222 (host) (adapter 1)
==> node-gitlab-tr: Running 'pre-boot' VM customizations...
==> node-gitlab-tr: Booting VM...
==> node-gitlab-tr: Waiting for machine to boot. This may take a few minutes...
    node-gitlab-tr: SSH address: 127.0.0.1:2222
    node-gitlab-tr: SSH username: vagrant
    node-gitlab-tr: SSH auth method: private key
    node-gitlab-tr: 
    node-gitlab-tr: Vagrant insecure key detected. Vagrant will automatically replace
    node-gitlab-tr: this with a newly generated keypair for better security.
    node-gitlab-tr: 
    node-gitlab-tr: Inserting generated public key within guest...
    node-gitlab-tr: Removing insecure key from the guest if it's present...
    node-gitlab-tr: Key inserted! Disconnecting and reconnecting using new SSH key...
==> node-gitlab-tr: Machine booted and ready!
==> node-gitlab-tr: Checking for guest additions in VM...
    node-gitlab-tr: The guest additions on this VM do not match the installed version of
    node-gitlab-tr: VirtualBox! In most cases this is fine, but in rare cases it can
    node-gitlab-tr: prevent things such as shared folders from working properly. If you see
    node-gitlab-tr: shared folder errors, please make sure the guest additions within the
    node-gitlab-tr: virtual machine match the version of VirtualBox you have installed on
    node-gitlab-tr: your host and reload your VM.
    node-gitlab-tr: 
    node-gitlab-tr: Guest Additions Version: 6.0.0 r127566
    node-gitlab-tr: VirtualBox Version: 7.2
==> node-gitlab-tr: Setting hostname...
==> node-gitlab-tr: Configuring and enabling network interfaces...
==> node-gitlab-tr: Running provisioner: shell...
    node-gitlab-tr: Running: C:/Users/176D~1/AppData/Local/Temp/vagrant-shell20260428-22956-k6dtxr.sh
    node-gitlab-tr: [node-gitlab] scenario=missing
    node-gitlab-tr: Reading package lists...
    node-gitlab-tr: Building dependency tree...
    node-gitlab-tr: Reading state information...
    node-gitlab-tr: lsb-release is already the newest version (11.1.0ubuntu4).
    node-gitlab-tr: lsb-release set to manually installed.
    node-gitlab-tr: ca-certificates is already the newest version (20240203~22.04.1).
    node-gitlab-tr: ca-certificates set to manually installed.
    node-gitlab-tr: ufw is already the newest version (0.36.1-4ubuntu0.1).
    node-gitlab-tr: ufw set to manually installed.
    node-gitlab-tr: The following additional packages will be installed:
    node-gitlab-tr:   dirmngr gnupg-l10n gnupg-utils gpg gpg-agent gpg-wks-client gpg-wks-server
    node-gitlab-tr:   gpgconf gpgsm gpgv libcurl4
    node-gitlab-tr: Suggested packages:
    node-gitlab-tr:   pinentry-gnome3 tor parcimonie xloadimage scdaemon
    node-gitlab-tr: The following packages will be upgraded:
    node-gitlab-tr:   curl dirmngr gnupg gnupg-l10n gnupg-utils gpg gpg-agent gpg-wks-client
    node-gitlab-tr:   gpg-wks-server gpgconf gpgsm gpgv libcurl4
    node-gitlab-tr: 13 upgraded, 0 newly installed, 0 to remove and 133 not upgraded.
    node-gitlab-tr: Need to get 2732 kB of archives.
    node-gitlab-tr: After this operation, 0 B of additional disk space will be used.
    node-gitlab-tr: Get:1 http://archive.ubuntu.com/ubuntu jammy-updates/main amd64 gpg-wks-client amd64 2.2.27-3ubuntu2.5 [62.7 kB]
    node-gitlab-tr: Get:2 http://archive.ubuntu.com/ubuntu jammy-updates/main amd64 dirmngr amd64 2.2.27-3ubuntu2.5 [293 kB]
    node-gitlab-tr: Get:3 http://archive.ubuntu.com/ubuntu jammy-updates/main amd64 gpg-wks-server amd64 2.2.27-3ubuntu2.5 [57.6 kB]
    node-gitlab-tr: Get:4 http://archive.ubuntu.com/ubuntu jammy-updates/main amd64 gnupg-utils amd64 2.2.27-3ubuntu2.5 [309 kB]
    node-gitlab-tr: Get:5 http://archive.ubuntu.com/ubuntu jammy-updates/main amd64 gpg-agent amd64 2.2.27-3ubuntu2.5 [209 kB]
    node-gitlab-tr: Get:6 http://archive.ubuntu.com/ubuntu jammy-updates/main amd64 gpg amd64 2.2.27-3ubuntu2.5 [519 kB]
    node-gitlab-tr: Get:7 http://archive.ubuntu.com/ubuntu jammy-updates/main amd64 gpgconf amd64 2.2.27-3ubuntu2.5 [94.3 kB]
    node-gitlab-tr: Get:8 http://archive.ubuntu.com/ubuntu jammy-updates/main amd64 gnupg-l10n all 2.2.27-3ubuntu2.5 [54.5 kB]
    node-gitlab-tr: Get:9 http://archive.ubuntu.com/ubuntu jammy-updates/main amd64 gnupg all 2.2.27-3ubuntu2.5 [315 kB]
    node-gitlab-tr: Get:10 http://archive.ubuntu.com/ubuntu jammy-updates/main amd64 gpgsm amd64 2.2.27-3ubuntu2.5 [197 kB]
    node-gitlab-tr: Get:11 http://archive.ubuntu.com/ubuntu jammy-updates/main amd64 gpgv amd64 2.2.27-3ubuntu2.5 [137 kB]
    node-gitlab-tr: Get:12 http://archive.ubuntu.com/ubuntu jammy-updates/main amd64 curl amd64 7.81.0-1ubuntu1.23 [194 kB]
    node-gitlab-tr: Get:13 http://archive.ubuntu.com/ubuntu jammy-updates/main amd64 libcurl4 amd64 7.81.0-1ubuntu1.23 [290 kB]
    node-gitlab-tr: Fetched 2732 kB in 1s (3018 kB/s)
    node-gitlab-tr: (Reading database ... 
(Reading database ... 5%
(Reading database ... 10%
(Reading database ... 15%
(Reading database ... 20%
(Reading database ... 25%
(Reading database ... 30%
(Reading database ... 35%
(Reading database ... 40%
(Reading database ... 45%
(Reading database ... 50%
(Reading database ... 55%
(Reading database ... 60%
(Reading database ... 65%
(Reading database ... 70%
(Reading database ... 75%
(Reading database ... 80%
(Reading database ... 85%
(Reading database ... 90%
(Reading database ... 95%
(Reading database ... 100%
(Reading database ... 64257 files and directories currently installed.)
    node-gitlab-tr: Preparing to unpack .../00-gpg-wks-client_2.2.27-3ubuntu2.5_amd64.deb ...
    node-gitlab-tr: Unpacking gpg-wks-client (2.2.27-3ubuntu2.5) over (2.2.27-3ubuntu2.4) ...
    node-gitlab-tr: Preparing to unpack .../01-dirmngr_2.2.27-3ubuntu2.5_amd64.deb ...
    node-gitlab-tr: Unpacking dirmngr (2.2.27-3ubuntu2.5) over (2.2.27-3ubuntu2.4) ...
    node-gitlab-tr: Preparing to unpack .../02-gpg-wks-server_2.2.27-3ubuntu2.5_amd64.deb ...
    node-gitlab-tr: Unpacking gpg-wks-server (2.2.27-3ubuntu2.5) over (2.2.27-3ubuntu2.4) ...
    node-gitlab-tr: Preparing to unpack .../03-gnupg-utils_2.2.27-3ubuntu2.5_amd64.deb ...
    node-gitlab-tr: Unpacking gnupg-utils (2.2.27-3ubuntu2.5) over (2.2.27-3ubuntu2.4) ...
    node-gitlab-tr: Preparing to unpack .../04-gpg-agent_2.2.27-3ubuntu2.5_amd64.deb ...
    node-gitlab-tr: Unpacking gpg-agent (2.2.27-3ubuntu2.5) over (2.2.27-3ubuntu2.4) ...
    node-gitlab-tr: Preparing to unpack .../05-gpg_2.2.27-3ubuntu2.5_amd64.deb ...
    node-gitlab-tr: Unpacking gpg (2.2.27-3ubuntu2.5) over (2.2.27-3ubuntu2.4) ...
    node-gitlab-tr: Preparing to unpack .../06-gpgconf_2.2.27-3ubuntu2.5_amd64.deb ...
    node-gitlab-tr: Unpacking gpgconf (2.2.27-3ubuntu2.5) over (2.2.27-3ubuntu2.4) ...
    node-gitlab-tr: Preparing to unpack .../07-gnupg-l10n_2.2.27-3ubuntu2.5_all.deb ...
    node-gitlab-tr: Unpacking gnupg-l10n (2.2.27-3ubuntu2.5) over (2.2.27-3ubuntu2.4) ...
    node-gitlab-tr: Preparing to unpack .../08-gnupg_2.2.27-3ubuntu2.5_all.deb ...
    node-gitlab-tr: Unpacking gnupg (2.2.27-3ubuntu2.5) over (2.2.27-3ubuntu2.4) ...
    node-gitlab-tr: Preparing to unpack .../09-gpgsm_2.2.27-3ubuntu2.5_amd64.deb ...
    node-gitlab-tr: Unpacking gpgsm (2.2.27-3ubuntu2.5) over (2.2.27-3ubuntu2.4) ...
    node-gitlab-tr: Preparing to unpack .../10-gpgv_2.2.27-3ubuntu2.5_amd64.deb ...
    node-gitlab-tr: Unpacking gpgv (2.2.27-3ubuntu2.5) over (2.2.27-3ubuntu2.4) ...
    node-gitlab-tr: Setting up gpgv (2.2.27-3ubuntu2.5) ...
    node-gitlab-tr: (Reading database ... 
(Reading database ... 5%
(Reading database ... 10%
(Reading database ... 15%
(Reading database ... 20%
(Reading database ... 25%
(Reading database ... 30%
(Reading database ... 35%
(Reading database ... 40%
(Reading database ... 45%
(Reading database ... 50%
(Reading database ... 55%
(Reading database ... 60%
(Reading database ... 65%
(Reading database ... 70%
(Reading database ... 75%
(Reading database ... 80%
(Reading database ... 85%
(Reading database ... 90%
(Reading database ... 95%
(Reading database ... 100%
(Reading database ... 64257 files and directories currently installed.)
    node-gitlab-tr: Preparing to unpack .../curl_7.81.0-1ubuntu1.23_amd64.deb ...
    node-gitlab-tr: Unpacking curl (7.81.0-1ubuntu1.23) over (7.81.0-1ubuntu1.20) ...
    node-gitlab-tr: Preparing to unpack .../libcurl4_7.81.0-1ubuntu1.23_amd64.deb ...
    node-gitlab-tr: Unpacking libcurl4:amd64 (7.81.0-1ubuntu1.23) over (7.81.0-1ubuntu1.20) ...
    node-gitlab-tr: Setting up gnupg-l10n (2.2.27-3ubuntu2.5) ...
    node-gitlab-tr: Setting up gpgconf (2.2.27-3ubuntu2.5) ...
    node-gitlab-tr: Setting up libcurl4:amd64 (7.81.0-1ubuntu1.23) ...
    node-gitlab-tr: Setting up curl (7.81.0-1ubuntu1.23) ...
    node-gitlab-tr: Setting up gpg (2.2.27-3ubuntu2.5) ...
    node-gitlab-tr: Setting up gnupg-utils (2.2.27-3ubuntu2.5) ...
    node-gitlab-tr: Setting up gpg-agent (2.2.27-3ubuntu2.5) ...
    node-gitlab-tr: Setting up gpgsm (2.2.27-3ubuntu2.5) ...
    node-gitlab-tr: Setting up dirmngr (2.2.27-3ubuntu2.5) ...
    node-gitlab-tr: Setting up gpg-wks-server (2.2.27-3ubuntu2.5) ...
    node-gitlab-tr: Setting up gpg-wks-client (2.2.27-3ubuntu2.5) ...
    node-gitlab-tr: Setting up gnupg (2.2.27-3ubuntu2.5) ...
    node-gitlab-tr: Processing triggers for libc-bin (2.35-0ubuntu3.10) ...
    node-gitlab-tr: Processing triggers for man-db (2.10.2-1) ...
    node-gitlab-tr: Processing triggers for install-info (6.8-4build1) ...
    node-gitlab-tr: NEEDRESTART-VER: 3.5
    node-gitlab-tr: NEEDRESTART-KCUR: 5.15.0-144-generic
    node-gitlab-tr: NEEDRESTART-KEXP: 5.15.0-144-generic
    node-gitlab-tr: NEEDRESTART-KSTA: 1
    node-gitlab-tr: Firewall is active and enabled on system startup
    node-gitlab-tr: Rule added
    node-gitlab-tr: Rule added (v6)
    node-gitlab-tr: [node-gitlab] scenario=missing: GitLab НЕ установлен (только SSH+ufw)
==> node-redmine-tr: Importing base box 'ubuntu/jammy64'...

[K==> node-redmine-tr: Matching MAC address for NAT networking...
==> node-redmine-tr: Setting the name of the VM: node-redmine-tr
==> node-redmine-tr: Fixed port collision for 22 => 2222. Now on port 2200.
==> node-redmine-tr: Clearing any previously set network interfaces...
==> node-redmine-tr: Preparing network interfaces based on configuration...
    node-redmine-tr: Adapter 1: nat
    node-redmine-tr: Adapter 2: hostonly
==> node-redmine-tr: Forwarding ports...
    node-redmine-tr: 22 (guest) => 2200 (host) (adapter 1)
==> node-redmine-tr: Running 'pre-boot' VM customizations...
==> node-redmine-tr: Booting VM...
==> node-redmine-tr: Waiting for machine to boot. This may take a few minutes...
    node-redmine-tr: SSH address: 127.0.0.1:2200
    node-redmine-tr: SSH username: vagrant
    node-redmine-tr: SSH auth method: private key
    node-redmine-tr: Warning: Connection reset. Retrying...
    node-redmine-tr: 
    node-redmine-tr: Vagrant insecure key detected. Vagrant will automatically replace
    node-redmine-tr: this with a newly generated keypair for better security.
    node-redmine-tr: 
    node-redmine-tr: Inserting generated public key within guest...
    node-redmine-tr: Removing insecure key from the guest if it's present...
    node-redmine-tr: Key inserted! Disconnecting and reconnecting using new SSH key...
==> node-redmine-tr: Machine booted and ready!
==> node-redmine-tr: Checking for guest additions in VM...
    node-redmine-tr: The guest additions on this VM do not match the installed version of
    node-redmine-tr: VirtualBox! In most cases this is fine, but in rare cases it can
    node-redmine-tr: prevent things such as shared folders from working properly. If you see
    node-redmine-tr: shared folder errors, please make sure the guest additions within the
    node-redmine-tr: virtual machine match the version of VirtualBox you have installed on
    node-redmine-tr: your host and reload your VM.
    node-redmine-tr: 
    node-redmine-tr: Guest Additions Version: 6.0.0 r127566
    node-redmine-tr: VirtualBox Version: 7.2
==> node-redmine-tr: Setting hostname...
==> node-redmine-tr: Configuring and enabling network interfaces...
==> node-redmine-tr: Running provisioner: shell...
    node-redmine-tr: Running: C:/Users/176D~1/AppData/Local/Temp/vagrant-shell20260428-22956-s0pht4.sh
    node-redmine-tr: [node-redmine] scenario=missing
    node-redmine-tr: Reading package lists...
    node-redmine-tr: Building dependency tree...
    node-redmine-tr: Reading state information...
    node-redmine-tr: lsb-release is already the newest version (11.1.0ubuntu4).
    node-redmine-tr: lsb-release set to manually installed.
    node-redmine-tr: ca-certificates is already the newest version (20240203~22.04.1).
    node-redmine-tr: ca-certificates set to manually installed.
    node-redmine-tr: ufw is already the newest version (0.36.1-4ubuntu0.1).
    node-redmine-tr: ufw set to manually installed.
    node-redmine-tr: The following additional packages will be installed:
    node-redmine-tr:   dirmngr gnupg-l10n gnupg-utils gpg gpg-agent gpg-wks-client gpg-wks-server
    node-redmine-tr:   gpgconf gpgsm gpgv libcurl4
    node-redmine-tr: Suggested packages:
    node-redmine-tr:   pinentry-gnome3 tor parcimonie xloadimage scdaemon
    node-redmine-tr: The following packages will be upgraded:
    node-redmine-tr:   curl dirmngr gnupg gnupg-l10n gnupg-utils gpg gpg-agent gpg-wks-client
    node-redmine-tr:   gpg-wks-server gpgconf gpgsm gpgv libcurl4
    node-redmine-tr: 13 upgraded, 0 newly installed, 0 to remove and 133 not upgraded.
    node-redmine-tr: Need to get 2732 kB of archives.
    node-redmine-tr: After this operation, 0 B of additional disk space will be used.
    node-redmine-tr: Get:1 http://archive.ubuntu.com/ubuntu jammy-updates/main amd64 gpg-wks-client amd64 2.2.27-3ubuntu2.5 [62.7 kB]
    node-redmine-tr: Get:2 http://archive.ubuntu.com/ubuntu jammy-updates/main amd64 dirmngr amd64 2.2.27-3ubuntu2.5 [293 kB]
    node-redmine-tr: Get:3 http://archive.ubuntu.com/ubuntu jammy-updates/main amd64 gpg-wks-server amd64 2.2.27-3ubuntu2.5 [57.6 kB]
    node-redmine-tr: Get:4 http://archive.ubuntu.com/ubuntu jammy-updates/main amd64 gnupg-utils amd64 2.2.27-3ubuntu2.5 [309 kB]
    node-redmine-tr: Get:5 http://archive.ubuntu.com/ubuntu jammy-updates/main amd64 gpg-agent amd64 2.2.27-3ubuntu2.5 [209 kB]
    node-redmine-tr: Get:6 http://archive.ubuntu.com/ubuntu jammy-updates/main amd64 gpg amd64 2.2.27-3ubuntu2.5 [519 kB]
    node-redmine-tr: Get:7 http://archive.ubuntu.com/ubuntu jammy-updates/main amd64 gpgconf amd64 2.2.27-3ubuntu2.5 [94.3 kB]
    node-redmine-tr: Get:8 http://archive.ubuntu.com/ubuntu jammy-updates/main amd64 gnupg-l10n all 2.2.27-3ubuntu2.5 [54.5 kB]
    node-redmine-tr: Get:9 http://archive.ubuntu.com/ubuntu jammy-updates/main amd64 gnupg all 2.2.27-3ubuntu2.5 [315 kB]
    node-redmine-tr: Get:10 http://archive.ubuntu.com/ubuntu jammy-updates/main amd64 gpgsm amd64 2.2.27-3ubuntu2.5 [197 kB]
    node-redmine-tr: Get:11 http://archive.ubuntu.com/ubuntu jammy-updates/main amd64 gpgv amd64 2.2.27-3ubuntu2.5 [137 kB]
    node-redmine-tr: Get:12 http://archive.ubuntu.com/ubuntu jammy-updates/main amd64 curl amd64 7.81.0-1ubuntu1.23 [194 kB]
    node-redmine-tr: Get:13 http://archive.ubuntu.com/ubuntu jammy-updates/main amd64 libcurl4 amd64 7.81.0-1ubuntu1.23 [290 kB]
    node-redmine-tr: Fetched 2732 kB in 1s (2850 kB/s)
    node-redmine-tr: (Reading database ... 
(Reading database ... 5%
(Reading database ... 10%
(Reading database ... 15%
(Reading database ... 20%
(Reading database ... 25%
(Reading database ... 30%
(Reading database ... 35%
(Reading database ... 40%
(Reading database ... 45%
(Reading database ... 50%
(Reading database ... 55%
(Reading database ... 60%
(Reading database ... 65%
(Reading database ... 70%
(Reading database ... 75%
(Reading database ... 80%
(Reading database ... 85%
(Reading database ... 90%
(Reading database ... 95%
(Reading database ... 100%
(Reading database ... 64257 files and directories currently installed.)
    node-redmine-tr: Preparing to unpack .../00-gpg-wks-client_2.2.27-3ubuntu2.5_amd64.deb ...
    node-redmine-tr: Unpacking gpg-wks-client (2.2.27-3ubuntu2.5) over (2.2.27-3ubuntu2.4) ...
    node-redmine-tr: Preparing to unpack .../01-dirmngr_2.2.27-3ubuntu2.5_amd64.deb ...
    node-redmine-tr: Unpacking dirmngr (2.2.27-3ubuntu2.5) over (2.2.27-3ubuntu2.4) ...
    node-redmine-tr: Preparing to unpack .../02-gpg-wks-server_2.2.27-3ubuntu2.5_amd64.deb ...
    node-redmine-tr: Unpacking gpg-wks-server (2.2.27-3ubuntu2.5) over (2.2.27-3ubuntu2.4) ...
    node-redmine-tr: Preparing to unpack .../03-gnupg-utils_2.2.27-3ubuntu2.5_amd64.deb ...
    node-redmine-tr: Unpacking gnupg-utils (2.2.27-3ubuntu2.5) over (2.2.27-3ubuntu2.4) ...
    node-redmine-tr: Preparing to unpack .../04-gpg-agent_2.2.27-3ubuntu2.5_amd64.deb ...
    node-redmine-tr: Unpacking gpg-agent (2.2.27-3ubuntu2.5) over (2.2.27-3ubuntu2.4) ...
    node-redmine-tr: Preparing to unpack .../05-gpg_2.2.27-3ubuntu2.5_amd64.deb ...
    node-redmine-tr: Unpacking gpg (2.2.27-3ubuntu2.5) over (2.2.27-3ubuntu2.4) ...
    node-redmine-tr: Preparing to unpack .../06-gpgconf_2.2.27-3ubuntu2.5_amd64.deb ...
    node-redmine-tr: Unpacking gpgconf (2.2.27-3ubuntu2.5) over (2.2.27-3ubuntu2.4) ...
    node-redmine-tr: Preparing to unpack .../07-gnupg-l10n_2.2.27-3ubuntu2.5_all.deb ...
    node-redmine-tr: Unpacking gnupg-l10n (2.2.27-3ubuntu2.5) over (2.2.27-3ubuntu2.4) ...
    node-redmine-tr: Preparing to unpack .../08-gnupg_2.2.27-3ubuntu2.5_all.deb ...
    node-redmine-tr: Unpacking gnupg (2.2.27-3ubuntu2.5) over (2.2.27-3ubuntu2.4) ...
    node-redmine-tr: Preparing to unpack .../09-gpgsm_2.2.27-3ubuntu2.5_amd64.deb ...
    node-redmine-tr: Unpacking gpgsm (2.2.27-3ubuntu2.5) over (2.2.27-3ubuntu2.4) ...
    node-redmine-tr: Preparing to unpack .../10-gpgv_2.2.27-3ubuntu2.5_amd64.deb ...
    node-redmine-tr: Unpacking gpgv (2.2.27-3ubuntu2.5) over (2.2.27-3ubuntu2.4) ...
    node-redmine-tr: Setting up gpgv (2.2.27-3ubuntu2.5) ...
    node-redmine-tr: (Reading database ... 
(Reading database ... 5%
(Reading database ... 10%
(Reading database ... 15%
(Reading database ... 20%
(Reading database ... 25%
(Reading database ... 30%
(Reading database ... 35%
(Reading database ... 40%
(Reading database ... 45%
(Reading database ... 50%
(Reading database ... 55%
(Reading database ... 60%
(Reading database ... 65%
(Reading database ... 70%
(Reading database ... 75%
(Reading database ... 80%
(Reading database ... 85%
(Reading database ... 90%
(Reading database ... 95%
(Reading database ... 100%
(Reading database ... 64257 files and directories currently installed.)
    node-redmine-tr: Preparing to unpack .../curl_7.81.0-1ubuntu1.23_amd64.deb ...
    node-redmine-tr: Unpacking curl (7.81.0-1ubuntu1.23) over (7.81.0-1ubuntu1.20) ...
    node-redmine-tr: Preparing to unpack .../libcurl4_7.81.0-1ubuntu1.23_amd64.deb ...
    node-redmine-tr: Unpacking libcurl4:amd64 (7.81.0-1ubuntu1.23) over (7.81.0-1ubuntu1.20) ...
    node-redmine-tr: Setting up gnupg-l10n (2.2.27-3ubuntu2.5) ...
    node-redmine-tr: Setting up gpgconf (2.2.27-3ubuntu2.5) ...
    node-redmine-tr: Setting up libcurl4:amd64 (7.81.0-1ubuntu1.23) ...
    node-redmine-tr: Setting up curl (7.81.0-1ubuntu1.23) ...
    node-redmine-tr: Setting up gpg (2.2.27-3ubuntu2.5) ...
    node-redmine-tr: Setting up gnupg-utils (2.2.27-3ubuntu2.5) ...
    node-redmine-tr: Setting up gpg-agent (2.2.27-3ubuntu2.5) ...
    node-redmine-tr: Setting up gpgsm (2.2.27-3ubuntu2.5) ...
    node-redmine-tr: Setting up dirmngr (2.2.27-3ubuntu2.5) ...
    node-redmine-tr: Setting up gpg-wks-server (2.2.27-3ubuntu2.5) ...
    node-redmine-tr: Setting up gpg-wks-client (2.2.27-3ubuntu2.5) ...
    node-redmine-tr: Setting up gnupg (2.2.27-3ubuntu2.5) ...
    node-redmine-tr: Processing triggers for libc-bin (2.35-0ubuntu3.10) ...
    node-redmine-tr: Processing triggers for man-db (2.10.2-1) ...
    node-redmine-tr: Processing triggers for install-info (6.8-4build1) ...
    node-redmine-tr: NEEDRESTART-VER: 3.5
    node-redmine-tr: NEEDRESTART-KCUR: 5.15.0-144-generic
    node-redmine-tr: NEEDRESTART-KEXP: 5.15.0-144-generic
    node-redmine-tr: NEEDRESTART-KSTA: 1
    node-redmine-tr: Firewall is active and enabled on system startup
    node-redmine-tr: Rule added
    node-redmine-tr: Rule added (v6)
    node-redmine-tr: [node-redmine] scenario=missing: Redmine НЕ установлен
==> node-mattermost-tr: Importing base box 'ubuntu/jammy64'...

[KProgress: 90%
[K==> node-mattermost-tr: Matching MAC address for NAT networking...
==> node-mattermost-tr: Setting the name of the VM: node-mattermost-tr
==> node-mattermost-tr: Fixed port collision for 22 => 2222. Now on port 2201.
==> node-mattermost-tr: Clearing any previously set network interfaces...
==> node-mattermost-tr: Preparing network interfaces based on configuration...
    node-mattermost-tr: Adapter 1: nat
    node-mattermost-tr: Adapter 2: hostonly
==> node-mattermost-tr: Forwarding ports...
    node-mattermost-tr: 22 (guest) => 2201 (host) (adapter 1)
==> node-mattermost-tr: Running 'pre-boot' VM customizations...
==> node-mattermost-tr: Booting VM...
==> node-mattermost-tr: Waiting for machine to boot. This may take a few minutes...
    node-mattermost-tr: SSH address: 127.0.0.1:2201
    node-mattermost-tr: SSH username: vagrant
    node-mattermost-tr: SSH auth method: private key
    node-mattermost-tr: Warning: Connection aborted. Retrying...
    node-mattermost-tr: Warning: Connection reset. Retrying...
    node-mattermost-tr: 
    node-mattermost-tr: Vagrant insecure key detected. Vagrant will automatically replace
    node-mattermost-tr: this with a newly generated keypair for better security.
    node-mattermost-tr: 
    node-mattermost-tr: Inserting generated public key within guest...
    node-mattermost-tr: Removing insecure key from the guest if it's present...
    node-mattermost-tr: Key inserted! Disconnecting and reconnecting using new SSH key...
==> node-mattermost-tr: Machine booted and ready!
==> node-mattermost-tr: Checking for guest additions in VM...
    node-mattermost-tr: The guest additions on this VM do not match the installed version of
    node-mattermost-tr: VirtualBox! In most cases this is fine, but in rare cases it can
    node-mattermost-tr: prevent things such as shared folders from working properly. If you see
    node-mattermost-tr: shared folder errors, please make sure the guest additions within the
    node-mattermost-tr: virtual machine match the version of VirtualBox you have installed on
    node-mattermost-tr: your host and reload your VM.
    node-mattermost-tr: 
    node-mattermost-tr: Guest Additions Version: 6.0.0 r127566
    node-mattermost-tr: VirtualBox Version: 7.2
==> node-mattermost-tr: Setting hostname...
==> node-mattermost-tr: Configuring and enabling network interfaces...
==> node-mattermost-tr: Running provisioner: shell...
    node-mattermost-tr: Running: C:/Users/176D~1/AppData/Local/Temp/vagrant-shell20260428-22956-x6f7ns.sh
    node-mattermost-tr: [node-mattermost] scenario=missing
    node-mattermost-tr: Reading package lists...
    node-mattermost-tr: Building dependency tree...
    node-mattermost-tr: Reading state information...
    node-mattermost-tr: lsb-release is already the newest version (11.1.0ubuntu4).
    node-mattermost-tr: lsb-release set to manually installed.
    node-mattermost-tr: ca-certificates is already the newest version (20240203~22.04.1).
    node-mattermost-tr: ca-certificates set to manually installed.
    node-mattermost-tr: ufw is already the newest version (0.36.1-4ubuntu0.1).
    node-mattermost-tr: ufw set to manually installed.
    node-mattermost-tr: The following additional packages will be installed:
    node-mattermost-tr:   dirmngr gnupg-l10n gnupg-utils gpg gpg-agent gpg-wks-client gpg-wks-server
    node-mattermost-tr:   gpgconf gpgsm gpgv libcurl4
    node-mattermost-tr: Suggested packages:
    node-mattermost-tr:   pinentry-gnome3 tor parcimonie xloadimage scdaemon
    node-mattermost-tr: The following packages will be upgraded:
    node-mattermost-tr:   curl dirmngr gnupg gnupg-l10n gnupg-utils gpg gpg-agent gpg-wks-client
    node-mattermost-tr:   gpg-wks-server gpgconf gpgsm gpgv libcurl4
    node-mattermost-tr: 13 upgraded, 0 newly installed, 0 to remove and 133 not upgraded.
    node-mattermost-tr: Need to get 2732 kB of archives.
    node-mattermost-tr: After this operation, 0 B of additional disk space will be used.
    node-mattermost-tr: Get:1 http://archive.ubuntu.com/ubuntu jammy-updates/main amd64 gpg-wks-client amd64 2.2.27-3ubuntu2.5 [62.7 kB]
    node-mattermost-tr: Get:2 http://archive.ubuntu.com/ubuntu jammy-updates/main amd64 dirmngr amd64 2.2.27-3ubuntu2.5 [293 kB]
    node-mattermost-tr: Get:3 http://archive.ubuntu.com/ubuntu jammy-updates/main amd64 gpg-wks-server amd64 2.2.27-3ubuntu2.5 [57.6 kB]
    node-mattermost-tr: Get:4 http://archive.ubuntu.com/ubuntu jammy-updates/main amd64 gnupg-utils amd64 2.2.27-3ubuntu2.5 [309 kB]
    node-mattermost-tr: Get:5 http://archive.ubuntu.com/ubuntu jammy-updates/main amd64 gpg-agent amd64 2.2.27-3ubuntu2.5 [209 kB]
    node-mattermost-tr: Get:6 http://archive.ubuntu.com/ubuntu jammy-updates/main amd64 gpg amd64 2.2.27-3ubuntu2.5 [519 kB]
    node-mattermost-tr: Get:7 http://archive.ubuntu.com/ubuntu jammy-updates/main amd64 gpgconf amd64 2.2.27-3ubuntu2.5 [94.3 kB]
    node-mattermost-tr: Get:8 http://archive.ubuntu.com/ubuntu jammy-updates/main amd64 gnupg-l10n all 2.2.27-3ubuntu2.5 [54.5 kB]
    node-mattermost-tr: Get:9 http://archive.ubuntu.com/ubuntu jammy-updates/main amd64 gnupg all 2.2.27-3ubuntu2.5 [315 kB]
    node-mattermost-tr: Get:10 http://archive.ubuntu.com/ubuntu jammy-updates/main amd64 gpgsm amd64 2.2.27-3ubuntu2.5 [197 kB]
    node-mattermost-tr: Get:11 http://archive.ubuntu.com/ubuntu jammy-updates/main amd64 gpgv amd64 2.2.27-3ubuntu2.5 [137 kB]
    node-mattermost-tr: Get:12 http://archive.ubuntu.com/ubuntu jammy-updates/main amd64 curl amd64 7.81.0-1ubuntu1.23 [194 kB]
    node-mattermost-tr: Get:13 http://archive.ubuntu.com/ubuntu jammy-updates/main amd64 libcurl4 amd64 7.81.0-1ubuntu1.23 [290 kB]
    node-mattermost-tr: Fetched 2732 kB in 1s (2985 kB/s)
    node-mattermost-tr: (Reading database ... 
(Reading database ... 5%
(Reading database ... 10%
(Reading database ... 15%
(Reading database ... 20%
(Reading database ... 25%
(Reading database ... 30%
(Reading database ... 35%
(Reading database ... 40%
(Reading database ... 45%
(Reading database ... 50%
(Reading database ... 55%
(Reading database ... 60%
(Reading database ... 65%
(Reading database ... 70%
(Reading database ... 75%
(Reading database ... 80%
(Reading database ... 85%
(Reading database ... 90%
(Reading database ... 95%
(Reading database ... 100%
(Reading database ... 64257 files and directories currently installed.)
    node-mattermost-tr: Preparing to unpack .../00-gpg-wks-client_2.2.27-3ubuntu2.5_amd64.deb ...
    node-mattermost-tr: Unpacking gpg-wks-client (2.2.27-3ubuntu2.5) over (2.2.27-3ubuntu2.4) ...
    node-mattermost-tr: Preparing to unpack .../01-dirmngr_2.2.27-3ubuntu2.5_amd64.deb ...
    node-mattermost-tr: Unpacking dirmngr (2.2.27-3ubuntu2.5) over (2.2.27-3ubuntu2.4) ...
    node-mattermost-tr: Preparing to unpack .../02-gpg-wks-server_2.2.27-3ubuntu2.5_amd64.deb ...
    node-mattermost-tr: Unpacking gpg-wks-server (2.2.27-3ubuntu2.5) over (2.2.27-3ubuntu2.4) ...
    node-mattermost-tr: Preparing to unpack .../03-gnupg-utils_2.2.27-3ubuntu2.5_amd64.deb ...
    node-mattermost-tr: Unpacking gnupg-utils (2.2.27-3ubuntu2.5) over (2.2.27-3ubuntu2.4) ...
    node-mattermost-tr: Preparing to unpack .../04-gpg-agent_2.2.27-3ubuntu2.5_amd64.deb ...
    node-mattermost-tr: Unpacking gpg-agent (2.2.27-3ubuntu2.5) over (2.2.27-3ubuntu2.4) ...
    node-mattermost-tr: Preparing to unpack .../05-gpg_2.2.27-3ubuntu2.5_amd64.deb ...
    node-mattermost-tr: Unpacking gpg (2.2.27-3ubuntu2.5) over (2.2.27-3ubuntu2.4) ...
    node-mattermost-tr: Preparing to unpack .../06-gpgconf_2.2.27-3ubuntu2.5_amd64.deb ...
    node-mattermost-tr: Unpacking gpgconf (2.2.27-3ubuntu2.5) over (2.2.27-3ubuntu2.4) ...
    node-mattermost-tr: Preparing to unpack .../07-gnupg-l10n_2.2.27-3ubuntu2.5_all.deb ...
    node-mattermost-tr: Unpacking gnupg-l10n (2.2.27-3ubuntu2.5) over (2.2.27-3ubuntu2.4) ...
    node-mattermost-tr: Preparing to unpack .../08-gnupg_2.2.27-3ubuntu2.5_all.deb ...
    node-mattermost-tr: Unpacking gnupg (2.2.27-3ubuntu2.5) over (2.2.27-3ubuntu2.4) ...
    node-mattermost-tr: Preparing to unpack .../09-gpgsm_2.2.27-3ubuntu2.5_amd64.deb ...
    node-mattermost-tr: Unpacking gpgsm (2.2.27-3ubuntu2.5) over (2.2.27-3ubuntu2.4) ...
    node-mattermost-tr: Preparing to unpack .../10-gpgv_2.2.27-3ubuntu2.5_amd64.deb ...
    node-mattermost-tr: Unpacking gpgv (2.2.27-3ubuntu2.5) over (2.2.27-3ubuntu2.4) ...
    node-mattermost-tr: Setting up gpgv (2.2.27-3ubuntu2.5) ...
    node-mattermost-tr: (Reading database ... 
(Reading database ... 5%
(Reading database ... 10%
(Reading database ... 15%
(Reading database ... 20%
(Reading database ... 25%
(Reading database ... 30%
(Reading database ... 35%
(Reading database ... 40%
(Reading database ... 45%
(Reading database ... 50%
(Reading database ... 55%
(Reading database ... 60%
(Reading database ... 65%
(Reading database ... 70%
(Reading database ... 75%
(Reading database ... 80%
(Reading database ... 85%
(Reading database ... 90%
(Reading database ... 95%
(Reading database ... 100%
(Reading database ... 64257 files and directories currently installed.)
    node-mattermost-tr: Preparing to unpack .../curl_7.81.0-1ubuntu1.23_amd64.deb ...
    node-mattermost-tr: Unpacking curl (7.81.0-1ubuntu1.23) over (7.81.0-1ubuntu1.20) ...
    node-mattermost-tr: Preparing to unpack .../libcurl4_7.81.0-1ubuntu1.23_amd64.deb ...
    node-mattermost-tr: Unpacking libcurl4:amd64 (7.81.0-1ubuntu1.23) over (7.81.0-1ubuntu1.20) ...
    node-mattermost-tr: Setting up gnupg-l10n (2.2.27-3ubuntu2.5) ...
    node-mattermost-tr: Setting up gpgconf (2.2.27-3ubuntu2.5) ...
    node-mattermost-tr: Setting up libcurl4:amd64 (7.81.0-1ubuntu1.23) ...
    node-mattermost-tr: Setting up curl (7.81.0-1ubuntu1.23) ...
    node-mattermost-tr: Setting up gpg (2.2.27-3ubuntu2.5) ...
    node-mattermost-tr: Setting up gnupg-utils (2.2.27-3ubuntu2.5) ...
    node-mattermost-tr: Setting up gpg-agent (2.2.27-3ubuntu2.5) ...
    node-mattermost-tr: Setting up gpgsm (2.2.27-3ubuntu2.5) ...
    node-mattermost-tr: Setting up dirmngr (2.2.27-3ubuntu2.5) ...
    node-mattermost-tr: Setting up gpg-wks-server (2.2.27-3ubuntu2.5) ...
    node-mattermost-tr: Setting up gpg-wks-client (2.2.27-3ubuntu2.5) ...
    node-mattermost-tr: Setting up gnupg (2.2.27-3ubuntu2.5) ...
    node-mattermost-tr: Processing triggers for libc-bin (2.35-0ubuntu3.10) ...
    node-mattermost-tr: Processing triggers for man-db (2.10.2-1) ...
    node-mattermost-tr: Processing triggers for install-info (6.8-4build1) ...
    node-mattermost-tr: NEEDRESTART-VER: 3.5
    node-mattermost-tr: NEEDRESTART-KCUR: 5.15.0-144-generic
    node-mattermost-tr: NEEDRESTART-KEXP: 5.15.0-144-generic
    node-mattermost-tr: NEEDRESTART-KSTA: 1
    node-mattermost-tr: Firewall is active and enabled on system startup
    node-mattermost-tr: Rule added
    node-mattermost-tr: Rule added (v6)
    node-mattermost-tr: [node-mattermost] scenario=missing: Mattermost НЕ установлен
==> node-control-tr: Importing base box 'ubuntu/jammy64'...

[KProgress: 90%
[K==> node-control-tr: Matching MAC address for NAT networking...
==> node-control-tr: Setting the name of the VM: node-control-tr
==> node-control-tr: Fixed port collision for 22 => 2222. Now on port 2202.
==> node-control-tr: Clearing any previously set network interfaces...
==> node-control-tr: Preparing network interfaces based on configuration...
    node-control-tr: Adapter 1: nat
    node-control-tr: Adapter 2: hostonly
==> node-control-tr: Forwarding ports...
    node-control-tr: 22 (guest) => 2202 (host) (adapter 1)
==> node-control-tr: Running 'pre-boot' VM customizations...
==> node-control-tr: Booting VM...
==> node-control-tr: Waiting for machine to boot. This may take a few minutes...
    node-control-tr: SSH address: 127.0.0.1:2202
    node-control-tr: SSH username: vagrant
    node-control-tr: SSH auth method: private key
    node-control-tr: Warning: Connection reset. Retrying...
    node-control-tr: Warning: Connection aborted. Retrying...
    node-control-tr: 
    node-control-tr: Vagrant insecure key detected. Vagrant will automatically replace
    node-control-tr: this with a newly generated keypair for better security.
    node-control-tr: 
    node-control-tr: Inserting generated public key within guest...
    node-control-tr: Removing insecure key from the guest if it's present...
    node-control-tr: Key inserted! Disconnecting and reconnecting using new SSH key...
==> node-control-tr: Machine booted and ready!
==> node-control-tr: Checking for guest additions in VM...
    node-control-tr: The guest additions on this VM do not match the installed version of
    node-control-tr: VirtualBox! In most cases this is fine, but in rare cases it can
    node-control-tr: prevent things such as shared folders from working properly. If you see
    node-control-tr: shared folder errors, please make sure the guest additions within the
    node-control-tr: virtual machine match the version of VirtualBox you have installed on
    node-control-tr: your host and reload your VM.
    node-control-tr: 
    node-control-tr: Guest Additions Version: 6.0.0 r127566
    node-control-tr: VirtualBox Version: 7.2
==> node-control-tr: Setting hostname...
==> node-control-tr: Configuring and enabling network interfaces...
==> node-control-tr: Running provisioner: file...
    node-control-tr: ../../playbooks => /tmp/playbooks
==> node-control-tr: Running provisioner: shell...
    node-control-tr: Running: C:/Users/176D~1/AppData/Local/Temp/vagrant-shell20260428-22956-rwvjy1.sh
The SSH connection was unexpectedly closed by the remote end. This
usually indicates that SSH within the guest machine was unable to
properly start up. Please boot the VM in GUI mode to check whether
it is booting properly.
