Bringing machine 'node-gitlab' up with 'virtualbox' provider...
Bringing machine 'node-redmine' up with 'virtualbox' provider...
Bringing machine 'node-mattermost' up with 'virtualbox' provider...
Bringing machine 'node-control' up with 'virtualbox' provider...
==> node-gitlab: Importing base box 'ubuntu/jammy64'...

[K==> node-gitlab: Matching MAC address for NAT networking...
==> node-gitlab: Setting the name of the VM: node-gitlab
==> node-gitlab: Clearing any previously set network interfaces...
==> node-gitlab: Preparing network interfaces based on configuration...
    node-gitlab: Adapter 1: nat
    node-gitlab: Adapter 2: hostonly
==> node-gitlab: Forwarding ports...
    node-gitlab: 22 (guest) => 2222 (host) (adapter 1)
==> node-gitlab: Running 'pre-boot' VM customizations...
==> node-gitlab: Booting VM...
==> node-gitlab: Waiting for machine to boot. This may take a few minutes...
    node-gitlab: SSH address: 127.0.0.1:2222
    node-gitlab: SSH username: vagrant
    node-gitlab: SSH auth method: private key
Timed out while waiting for the machine to boot. This means that
Vagrant was unable to communicate with the guest machine within
the configured ("config.vm.boot_timeout" value) time period.

If you look above, you should be able to see the error(s) that
Vagrant had when attempting to connect to the machine. These errors
are usually good hints as to what may be wrong.

If you're using a custom box, make sure that networking is properly
working and you're able to connect to the machine. It is a common
problem that networking isn't setup properly in these boxes.
Verify that authentication configurations are also setup properly,
as well.

If the box appears to be booting properly, you may want to increase
the timeout ("config.vm.boot_timeout") value.
