Bringing machine 'node-gitlab-lc' up with 'virtualbox' provider...
Bringing machine 'node-redmine-lc' up with 'virtualbox' provider...
Bringing machine 'node-mattermost-lc' up with 'virtualbox' provider...
Bringing machine 'node-control-lc' up with 'virtualbox' provider...
==> node-gitlab-lc: Importing base box 'ubuntu/jammy64'...

[K==> node-gitlab-lc: Matching MAC address for NAT networking...
==> node-gitlab-lc: Setting the name of the VM: node-gitlab-lc
==> node-gitlab-lc: Clearing any previously set network interfaces...
==> node-gitlab-lc: Preparing network interfaces based on configuration...
    node-gitlab-lc: Adapter 1: nat
    node-gitlab-lc: Adapter 2: hostonly
==> node-gitlab-lc: Forwarding ports...
    node-gitlab-lc: 22 (guest) => 2222 (host) (adapter 1)
==> node-gitlab-lc: Running 'pre-boot' VM customizations...
==> node-gitlab-lc: Booting VM...
==> node-gitlab-lc: Waiting for machine to boot. This may take a few minutes...
    node-gitlab-lc: SSH address: 127.0.0.1:2222
    node-gitlab-lc: SSH username: vagrant
    node-gitlab-lc: SSH auth method: private key
    node-gitlab-lc: Warning: Connection reset. Retrying...
    node-gitlab-lc: 
    node-gitlab-lc: Vagrant insecure key detected. Vagrant will automatically replace
    node-gitlab-lc: this with a newly generated keypair for better security.
    node-gitlab-lc: 
    node-gitlab-lc: Inserting generated public key within guest...
    node-gitlab-lc: Removing insecure key from the guest if it's present...
    node-gitlab-lc: Key inserted! Disconnecting and reconnecting using new SSH key...
==> node-gitlab-lc: Machine booted and ready!
==> node-gitlab-lc: Checking for guest additions in VM...
    node-gitlab-lc: The guest additions on this VM do not match the installed version of
    node-gitlab-lc: VirtualBox! In most cases this is fine, but in rare cases it can
    node-gitlab-lc: prevent things such as shared folders from working properly. If you see
    node-gitlab-lc: shared folder errors, please make sure the guest additions within the
    node-gitlab-lc: virtual machine match the version of VirtualBox you have installed on
    node-gitlab-lc: your host and reload your VM.
    node-gitlab-lc: 
    node-gitlab-lc: Guest Additions Version: 6.0.0 r127566
    node-gitlab-lc: VirtualBox Version: 7.2
==> node-gitlab-lc: Setting hostname...
==> node-gitlab-lc: Configuring and enabling network interfaces...
==> node-gitlab-lc: Running provisioner: shell...
    node-gitlab-lc: Running: C:/Users/176D~1/AppData/Local/Temp/vagrant-shell20260428-34272-qe761.sh
    node-gitlab-lc: [node-gitlab] scenario=missing
    node-gitlab-lc: Reading package lists...
    node-gitlab-lc: Building dependency tree...
    node-gitlab-lc: Reading state information...
    node-gitlab-lc: lsb-release is already the newest version (11.1.0ubuntu4).
    node-gitlab-lc: lsb-release set to manually installed.
    node-gitlab-lc: ca-certificates is already the newest version (20240203~22.04.1).
    node-gitlab-lc: ca-certificates set to manually installed.
    node-gitlab-lc: ufw is already the newest version (0.36.1-4ubuntu0.1).
    node-gitlab-lc: ufw set to manually installed.
    node-gitlab-lc: The following additional packages will be installed:
    node-gitlab-lc:   dirmngr gnupg-l10n gnupg-utils gpg gpg-agent gpg-wks-client gpg-wks-server
    node-gitlab-lc:   gpgconf gpgsm gpgv libcurl4
    node-gitlab-lc: Suggested packages:
    node-gitlab-lc:   pinentry-gnome3 tor parcimonie xloadimage scdaemon
    node-gitlab-lc: The following packages will be upgraded:
    node-gitlab-lc:   curl dirmngr gnupg gnupg-l10n gnupg-utils gpg gpg-agent gpg-wks-client
    node-gitlab-lc:   gpg-wks-server gpgconf gpgsm gpgv libcurl4
    node-gitlab-lc: 13 upgraded, 0 newly installed, 0 to remove and 133 not upgraded.
    node-gitlab-lc: Need to get 2732 kB of archives.
    node-gitlab-lc: After this operation, 0 B of additional disk space will be used.
    node-gitlab-lc: Get:1 http://archive.ubuntu.com/ubuntu jammy-updates/main amd64 gpg-wks-client amd64 2.2.27-3ubuntu2.5 [62.7 kB]
    node-gitlab-lc: Get:2 http://archive.ubuntu.com/ubuntu jammy-updates/main amd64 dirmngr amd64 2.2.27-3ubuntu2.5 [293 kB]
    node-gitlab-lc: Get:3 http://archive.ubuntu.com/ubuntu jammy-updates/main amd64 gpg-wks-server amd64 2.2.27-3ubuntu2.5 [57.6 kB]
    node-gitlab-lc: Get:4 http://archive.ubuntu.com/ubuntu jammy-updates/main amd64 gnupg-utils amd64 2.2.27-3ubuntu2.5 [309 kB]
    node-gitlab-lc: Get:5 http://archive.ubuntu.com/ubuntu jammy-updates/main amd64 gpg-agent amd64 2.2.27-3ubuntu2.5 [209 kB]
    node-gitlab-lc: Get:6 http://archive.ubuntu.com/ubuntu jammy-updates/main amd64 gpg amd64 2.2.27-3ubuntu2.5 [519 kB]
    node-gitlab-lc: Get:7 http://archive.ubuntu.com/ubuntu jammy-updates/main amd64 gpgconf amd64 2.2.27-3ubuntu2.5 [94.3 kB]
    node-gitlab-lc: Get:8 http://archive.ubuntu.com/ubuntu jammy-updates/main amd64 gnupg-l10n all 2.2.27-3ubuntu2.5 [54.5 kB]
    node-gitlab-lc: Get:9 http://archive.ubuntu.com/ubuntu jammy-updates/main amd64 gnupg all 2.2.27-3ubuntu2.5 [315 kB]
    node-gitlab-lc: Get:10 http://archive.ubuntu.com/ubuntu jammy-updates/main amd64 gpgsm amd64 2.2.27-3ubuntu2.5 [197 kB]
    node-gitlab-lc: Get:11 http://archive.ubuntu.com/ubuntu jammy-updates/main amd64 gpgv amd64 2.2.27-3ubuntu2.5 [137 kB]
    node-gitlab-lc: Get:12 http://archive.ubuntu.com/ubuntu jammy-updates/main amd64 curl amd64 7.81.0-1ubuntu1.23 [194 kB]
    node-gitlab-lc: Get:13 http://archive.ubuntu.com/ubuntu jammy-updates/main amd64 libcurl4 amd64 7.81.0-1ubuntu1.23 [290 kB]
    node-gitlab-lc: Fetched 2732 kB in 1s (3502 kB/s)
    node-gitlab-lc: (Reading database ... 
(Reading database ... 5%
(Reading database ... 10%
(Reading database ... 15%
(Reading database ... 20%
(Reading database ... 25%
(Reading database ... 30%
(Reading database ... 35%
(Reading database ... 40%
(Reading database ... 45%
(Reading database ... 50%
(Reading database ... 55%
(Reading database ... 60%
(Reading database ... 65%
(Reading database ... 70%
(Reading database ... 75%
(Reading database ... 80%
(Reading database ... 85%
(Reading database ... 90%
(Reading database ... 95%
(Reading database ... 100%
(Reading database ... 64257 files and directories currently installed.)
    node-gitlab-lc: Preparing to unpack .../00-gpg-wks-client_2.2.27-3ubuntu2.5_amd64.deb ...
    node-gitlab-lc: Unpacking gpg-wks-client (2.2.27-3ubuntu2.5) over (2.2.27-3ubuntu2.4) ...
    node-gitlab-lc: Preparing to unpack .../01-dirmngr_2.2.27-3ubuntu2.5_amd64.deb ...
    node-gitlab-lc: Unpacking dirmngr (2.2.27-3ubuntu2.5) over (2.2.27-3ubuntu2.4) ...
    node-gitlab-lc: Preparing to unpack .../02-gpg-wks-server_2.2.27-3ubuntu2.5_amd64.deb ...
    node-gitlab-lc: Unpacking gpg-wks-server (2.2.27-3ubuntu2.5) over (2.2.27-3ubuntu2.4) ...
    node-gitlab-lc: Preparing to unpack .../03-gnupg-utils_2.2.27-3ubuntu2.5_amd64.deb ...
    node-gitlab-lc: Unpacking gnupg-utils (2.2.27-3ubuntu2.5) over (2.2.27-3ubuntu2.4) ...
    node-gitlab-lc: Preparing to unpack .../04-gpg-agent_2.2.27-3ubuntu2.5_amd64.deb ...
    node-gitlab-lc: Unpacking gpg-agent (2.2.27-3ubuntu2.5) over (2.2.27-3ubuntu2.4) ...
    node-gitlab-lc: Preparing to unpack .../05-gpg_2.2.27-3ubuntu2.5_amd64.deb ...
    node-gitlab-lc: Unpacking gpg (2.2.27-3ubuntu2.5) over (2.2.27-3ubuntu2.4) ...
    node-gitlab-lc: Preparing to unpack .../06-gpgconf_2.2.27-3ubuntu2.5_amd64.deb ...
    node-gitlab-lc: Unpacking gpgconf (2.2.27-3ubuntu2.5) over (2.2.27-3ubuntu2.4) ...
    node-gitlab-lc: Preparing to unpack .../07-gnupg-l10n_2.2.27-3ubuntu2.5_all.deb ...
    node-gitlab-lc: Unpacking gnupg-l10n (2.2.27-3ubuntu2.5) over (2.2.27-3ubuntu2.4) ...
    node-gitlab-lc: Preparing to unpack .../08-gnupg_2.2.27-3ubuntu2.5_all.deb ...
    node-gitlab-lc: Unpacking gnupg (2.2.27-3ubuntu2.5) over (2.2.27-3ubuntu2.4) ...
    node-gitlab-lc: Preparing to unpack .../09-gpgsm_2.2.27-3ubuntu2.5_amd64.deb ...
    node-gitlab-lc: Unpacking gpgsm (2.2.27-3ubuntu2.5) over (2.2.27-3ubuntu2.4) ...
    node-gitlab-lc: Preparing to unpack .../10-gpgv_2.2.27-3ubuntu2.5_amd64.deb ...
    node-gitlab-lc: Unpacking gpgv (2.2.27-3ubuntu2.5) over (2.2.27-3ubuntu2.4) ...
    node-gitlab-lc: Setting up gpgv (2.2.27-3ubuntu2.5) ...
    node-gitlab-lc: (Reading database ... 
(Reading database ... 5%
(Reading database ... 10%
(Reading database ... 15%
(Reading database ... 20%
(Reading database ... 25%
(Reading database ... 30%
(Reading database ... 35%
(Reading database ... 40%
(Reading database ... 45%
(Reading database ... 50%
(Reading database ... 55%
(Reading database ... 60%
(Reading database ... 65%
(Reading database ... 70%
(Reading database ... 75%
(Reading database ... 80%
(Reading database ... 85%
(Reading database ... 90%
(Reading database ... 95%
(Reading database ... 100%
(Reading database ... 64257 files and directories currently installed.)
    node-gitlab-lc: Preparing to unpack .../curl_7.81.0-1ubuntu1.23_amd64.deb ...
    node-gitlab-lc: Unpacking curl (7.81.0-1ubuntu1.23) over (7.81.0-1ubuntu1.20) ...
    node-gitlab-lc: Preparing to unpack .../libcurl4_7.81.0-1ubuntu1.23_amd64.deb ...
    node-gitlab-lc: Unpacking libcurl4:amd64 (7.81.0-1ubuntu1.23) over (7.81.0-1ubuntu1.20) ...
    node-gitlab-lc: Setting up gnupg-l10n (2.2.27-3ubuntu2.5) ...
    node-gitlab-lc: Setting up gpgconf (2.2.27-3ubuntu2.5) ...
    node-gitlab-lc: Setting up libcurl4:amd64 (7.81.0-1ubuntu1.23) ...
    node-gitlab-lc: Setting up curl (7.81.0-1ubuntu1.23) ...
    node-gitlab-lc: Setting up gpg (2.2.27-3ubuntu2.5) ...
    node-gitlab-lc: Setting up gnupg-utils (2.2.27-3ubuntu2.5) ...
    node-gitlab-lc: Setting up gpg-agent (2.2.27-3ubuntu2.5) ...
    node-gitlab-lc: Setting up gpgsm (2.2.27-3ubuntu2.5) ...
    node-gitlab-lc: Setting up dirmngr (2.2.27-3ubuntu2.5) ...
    node-gitlab-lc: Setting up gpg-wks-server (2.2.27-3ubuntu2.5) ...
    node-gitlab-lc: Setting up gpg-wks-client (2.2.27-3ubuntu2.5) ...
    node-gitlab-lc: Setting up gnupg (2.2.27-3ubuntu2.5) ...
    node-gitlab-lc: Processing triggers for libc-bin (2.35-0ubuntu3.10) ...
    node-gitlab-lc: Processing triggers for man-db (2.10.2-1) ...
    node-gitlab-lc: Processing triggers for install-info (6.8-4build1) ...
    node-gitlab-lc: NEEDRESTART-VER: 3.5
    node-gitlab-lc: NEEDRESTART-KCUR: 5.15.0-144-generic
    node-gitlab-lc: NEEDRESTART-KEXP: 5.15.0-144-generic
    node-gitlab-lc: NEEDRESTART-KSTA: 1
    node-gitlab-lc: Firewall is active and enabled on system startup
    node-gitlab-lc: Rule added
    node-gitlab-lc: Rule added (v6)
    node-gitlab-lc: [node-gitlab] scenario=missing: GitLab НЕ установлен (только SSH+ufw)
==> node-redmine-lc: Importing base box 'ubuntu/jammy64'...

[K==> node-redmine-lc: Matching MAC address for NAT networking...
==> node-redmine-lc: Setting the name of the VM: node-redmine-lc
==> node-redmine-lc: Fixed port collision for 22 => 2222. Now on port 2200.
==> node-redmine-lc: Clearing any previously set network interfaces...
==> node-redmine-lc: Preparing network interfaces based on configuration...
    node-redmine-lc: Adapter 1: nat
    node-redmine-lc: Adapter 2: hostonly
==> node-redmine-lc: Forwarding ports...
    node-redmine-lc: 22 (guest) => 2200 (host) (adapter 1)
==> node-redmine-lc: Running 'pre-boot' VM customizations...
==> node-redmine-lc: Booting VM...
==> node-redmine-lc: Waiting for machine to boot. This may take a few minutes...
    node-redmine-lc: SSH address: 127.0.0.1:2200
    node-redmine-lc: SSH username: vagrant
    node-redmine-lc: SSH auth method: private key
    node-redmine-lc: Warning: Connection reset. Retrying...
    node-redmine-lc: Warning: Remote connection disconnect. Retrying...
    node-redmine-lc: 
    node-redmine-lc: Vagrant insecure key detected. Vagrant will automatically replace
    node-redmine-lc: this with a newly generated keypair for better security.
    node-redmine-lc: 
    node-redmine-lc: Inserting generated public key within guest...
    node-redmine-lc: Removing insecure key from the guest if it's present...
    node-redmine-lc: Key inserted! Disconnecting and reconnecting using new SSH key...
==> node-redmine-lc: Machine booted and ready!
==> node-redmine-lc: Checking for guest additions in VM...
    node-redmine-lc: The guest additions on this VM do not match the installed version of
    node-redmine-lc: VirtualBox! In most cases this is fine, but in rare cases it can
    node-redmine-lc: prevent things such as shared folders from working properly. If you see
    node-redmine-lc: shared folder errors, please make sure the guest additions within the
    node-redmine-lc: virtual machine match the version of VirtualBox you have installed on
    node-redmine-lc: your host and reload your VM.
    node-redmine-lc: 
    node-redmine-lc: Guest Additions Version: 6.0.0 r127566
    node-redmine-lc: VirtualBox Version: 7.2
==> node-redmine-lc: Setting hostname...
==> node-redmine-lc: Configuring and enabling network interfaces...
==> node-redmine-lc: Running provisioner: shell...
    node-redmine-lc: Running: C:/Users/176D~1/AppData/Local/Temp/vagrant-shell20260428-34272-ai2915.sh
    node-redmine-lc: [node-redmine] scenario=missing
    node-redmine-lc: Reading package lists...
    node-redmine-lc: Building dependency tree...
    node-redmine-lc: Reading state information...
    node-redmine-lc: lsb-release is already the newest version (11.1.0ubuntu4).
    node-redmine-lc: lsb-release set to manually installed.
    node-redmine-lc: ca-certificates is already the newest version (20240203~22.04.1).
    node-redmine-lc: ca-certificates set to manually installed.
    node-redmine-lc: ufw is already the newest version (0.36.1-4ubuntu0.1).
    node-redmine-lc: ufw set to manually installed.
    node-redmine-lc: The following additional packages will be installed:
    node-redmine-lc:   dirmngr gnupg-l10n gnupg-utils gpg gpg-agent gpg-wks-client gpg-wks-server
    node-redmine-lc:   gpgconf gpgsm gpgv libcurl4
    node-redmine-lc: Suggested packages:
    node-redmine-lc:   pinentry-gnome3 tor parcimonie xloadimage scdaemon
    node-redmine-lc: The following packages will be upgraded:
    node-redmine-lc:   curl dirmngr gnupg gnupg-l10n gnupg-utils gpg gpg-agent gpg-wks-client
    node-redmine-lc:   gpg-wks-server gpgconf gpgsm gpgv libcurl4
    node-redmine-lc: 13 upgraded, 0 newly installed, 0 to remove and 133 not upgraded.
    node-redmine-lc: Need to get 2732 kB of archives.
    node-redmine-lc: After this operation, 0 B of additional disk space will be used.
    node-redmine-lc: Get:1 http://archive.ubuntu.com/ubuntu jammy-updates/main amd64 gpg-wks-client amd64 2.2.27-3ubuntu2.5 [62.7 kB]
    node-redmine-lc: Get:2 http://archive.ubuntu.com/ubuntu jammy-updates/main amd64 dirmngr amd64 2.2.27-3ubuntu2.5 [293 kB]
    node-redmine-lc: Get:3 http://archive.ubuntu.com/ubuntu jammy-updates/main amd64 gpg-wks-server amd64 2.2.27-3ubuntu2.5 [57.6 kB]
    node-redmine-lc: Get:4 http://archive.ubuntu.com/ubuntu jammy-updates/main amd64 gnupg-utils amd64 2.2.27-3ubuntu2.5 [309 kB]
    node-redmine-lc: Get:5 http://archive.ubuntu.com/ubuntu jammy-updates/main amd64 gpg-agent amd64 2.2.27-3ubuntu2.5 [209 kB]
    node-redmine-lc: Get:6 http://archive.ubuntu.com/ubuntu jammy-updates/main amd64 gpg amd64 2.2.27-3ubuntu2.5 [519 kB]
    node-redmine-lc: Get:7 http://archive.ubuntu.com/ubuntu jammy-updates/main amd64 gpgconf amd64 2.2.27-3ubuntu2.5 [94.3 kB]
    node-redmine-lc: Get:8 http://archive.ubuntu.com/ubuntu jammy-updates/main amd64 gnupg-l10n all 2.2.27-3ubuntu2.5 [54.5 kB]
    node-redmine-lc: Get:9 http://archive.ubuntu.com/ubuntu jammy-updates/main amd64 gnupg all 2.2.27-3ubuntu2.5 [315 kB]
    node-redmine-lc: Get:10 http://archive.ubuntu.com/ubuntu jammy-updates/main amd64 gpgsm amd64 2.2.27-3ubuntu2.5 [197 kB]
    node-redmine-lc: Get:11 http://archive.ubuntu.com/ubuntu jammy-updates/main amd64 gpgv amd64 2.2.27-3ubuntu2.5 [137 kB]
    node-redmine-lc: Get:12 http://archive.ubuntu.com/ubuntu jammy-updates/main amd64 curl amd64 7.81.0-1ubuntu1.23 [194 kB]
    node-redmine-lc: Get:13 http://archive.ubuntu.com/ubuntu jammy-updates/main amd64 libcurl4 amd64 7.81.0-1ubuntu1.23 [290 kB]
    node-redmine-lc: Fetched 2732 kB in 1s (3309 kB/s)
    node-redmine-lc: (Reading database ... 
(Reading database ... 5%
(Reading database ... 10%
(Reading database ... 15%
(Reading database ... 20%
(Reading database ... 25%
(Reading database ... 30%
(Reading database ... 35%
(Reading database ... 40%
(Reading database ... 45%
(Reading database ... 50%
(Reading database ... 55%
(Reading database ... 60%
(Reading database ... 65%
(Reading database ... 70%
(Reading database ... 75%
(Reading database ... 80%
(Reading database ... 85%
(Reading database ... 90%
(Reading database ... 95%
(Reading database ... 100%
(Reading database ... 64257 files and directories currently installed.)
    node-redmine-lc: Preparing to unpack .../00-gpg-wks-client_2.2.27-3ubuntu2.5_amd64.deb ...
    node-redmine-lc: Unpacking gpg-wks-client (2.2.27-3ubuntu2.5) over (2.2.27-3ubuntu2.4) ...
    node-redmine-lc: Preparing to unpack .../01-dirmngr_2.2.27-3ubuntu2.5_amd64.deb ...
    node-redmine-lc: Unpacking dirmngr (2.2.27-3ubuntu2.5) over (2.2.27-3ubuntu2.4) ...
    node-redmine-lc: Preparing to unpack .../02-gpg-wks-server_2.2.27-3ubuntu2.5_amd64.deb ...
    node-redmine-lc: Unpacking gpg-wks-server (2.2.27-3ubuntu2.5) over (2.2.27-3ubuntu2.4) ...
    node-redmine-lc: Preparing to unpack .../03-gnupg-utils_2.2.27-3ubuntu2.5_amd64.deb ...
    node-redmine-lc: Unpacking gnupg-utils (2.2.27-3ubuntu2.5) over (2.2.27-3ubuntu2.4) ...
    node-redmine-lc: Preparing to unpack .../04-gpg-agent_2.2.27-3ubuntu2.5_amd64.deb ...
    node-redmine-lc: Unpacking gpg-agent (2.2.27-3ubuntu2.5) over (2.2.27-3ubuntu2.4) ...
    node-redmine-lc: Preparing to unpack .../05-gpg_2.2.27-3ubuntu2.5_amd64.deb ...
    node-redmine-lc: Unpacking gpg (2.2.27-3ubuntu2.5) over (2.2.27-3ubuntu2.4) ...
    node-redmine-lc: Preparing to unpack .../06-gpgconf_2.2.27-3ubuntu2.5_amd64.deb ...
    node-redmine-lc: Unpacking gpgconf (2.2.27-3ubuntu2.5) over (2.2.27-3ubuntu2.4) ...
    node-redmine-lc: Preparing to unpack .../07-gnupg-l10n_2.2.27-3ubuntu2.5_all.deb ...
    node-redmine-lc: Unpacking gnupg-l10n (2.2.27-3ubuntu2.5) over (2.2.27-3ubuntu2.4) ...
    node-redmine-lc: Preparing to unpack .../08-gnupg_2.2.27-3ubuntu2.5_all.deb ...
    node-redmine-lc: Unpacking gnupg (2.2.27-3ubuntu2.5) over (2.2.27-3ubuntu2.4) ...
    node-redmine-lc: Preparing to unpack .../09-gpgsm_2.2.27-3ubuntu2.5_amd64.deb ...
    node-redmine-lc: Unpacking gpgsm (2.2.27-3ubuntu2.5) over (2.2.27-3ubuntu2.4) ...
    node-redmine-lc: Preparing to unpack .../10-gpgv_2.2.27-3ubuntu2.5_amd64.deb ...
    node-redmine-lc: Unpacking gpgv (2.2.27-3ubuntu2.5) over (2.2.27-3ubuntu2.4) ...
    node-redmine-lc: Setting up gpgv (2.2.27-3ubuntu2.5) ...
    node-redmine-lc: (Reading database ... 
(Reading database ... 5%
(Reading database ... 10%
(Reading database ... 15%
(Reading database ... 20%
(Reading database ... 25%
(Reading database ... 30%
(Reading database ... 35%
(Reading database ... 40%
(Reading database ... 45%
(Reading database ... 50%
(Reading database ... 55%
(Reading database ... 60%
(Reading database ... 65%
(Reading database ... 70%
(Reading database ... 75%
(Reading database ... 80%
(Reading database ... 85%
(Reading database ... 90%
(Reading database ... 95%
(Reading database ... 100%
(Reading database ... 64257 files and directories currently installed.)
    node-redmine-lc: Preparing to unpack .../curl_7.81.0-1ubuntu1.23_amd64.deb ...
    node-redmine-lc: Unpacking curl (7.81.0-1ubuntu1.23) over (7.81.0-1ubuntu1.20) ...
    node-redmine-lc: Preparing to unpack .../libcurl4_7.81.0-1ubuntu1.23_amd64.deb ...
    node-redmine-lc: Unpacking libcurl4:amd64 (7.81.0-1ubuntu1.23) over (7.81.0-1ubuntu1.20) ...
    node-redmine-lc: Setting up gnupg-l10n (2.2.27-3ubuntu2.5) ...
    node-redmine-lc: Setting up gpgconf (2.2.27-3ubuntu2.5) ...
    node-redmine-lc: Setting up libcurl4:amd64 (7.81.0-1ubuntu1.23) ...
    node-redmine-lc: Setting up curl (7.81.0-1ubuntu1.23) ...
    node-redmine-lc: Setting up gpg (2.2.27-3ubuntu2.5) ...
    node-redmine-lc: Setting up gnupg-utils (2.2.27-3ubuntu2.5) ...
    node-redmine-lc: Setting up gpg-agent (2.2.27-3ubuntu2.5) ...
    node-redmine-lc: Setting up gpgsm (2.2.27-3ubuntu2.5) ...
    node-redmine-lc: Setting up dirmngr (2.2.27-3ubuntu2.5) ...
    node-redmine-lc: Setting up gpg-wks-server (2.2.27-3ubuntu2.5) ...
    node-redmine-lc: Setting up gpg-wks-client (2.2.27-3ubuntu2.5) ...
    node-redmine-lc: Setting up gnupg (2.2.27-3ubuntu2.5) ...
    node-redmine-lc: Processing triggers for libc-bin (2.35-0ubuntu3.10) ...
    node-redmine-lc: Processing triggers for man-db (2.10.2-1) ...
    node-redmine-lc: Processing triggers for install-info (6.8-4build1) ...
    node-redmine-lc: NEEDRESTART-VER: 3.5
    node-redmine-lc: NEEDRESTART-KCUR: 5.15.0-144-generic
    node-redmine-lc: NEEDRESTART-KEXP: 5.15.0-144-generic
    node-redmine-lc: NEEDRESTART-KSTA: 1
    node-redmine-lc: Firewall is active and enabled on system startup
    node-redmine-lc: Rule added
    node-redmine-lc: Rule added (v6)
    node-redmine-lc: [node-redmine] scenario=missing: Redmine НЕ установлен
==> node-mattermost-lc: Importing base box 'ubuntu/jammy64'...

[K==> node-mattermost-lc: Matching MAC address for NAT networking...
==> node-mattermost-lc: Setting the name of the VM: node-mattermost-lc
==> node-mattermost-lc: Fixed port collision for 22 => 2222. Now on port 2201.
==> node-mattermost-lc: Clearing any previously set network interfaces...
==> node-mattermost-lc: Preparing network interfaces based on configuration...
    node-mattermost-lc: Adapter 1: nat
    node-mattermost-lc: Adapter 2: hostonly
==> node-mattermost-lc: Forwarding ports...
    node-mattermost-lc: 22 (guest) => 2201 (host) (adapter 1)
==> node-mattermost-lc: Running 'pre-boot' VM customizations...
==> node-mattermost-lc: Booting VM...
==> node-mattermost-lc: Waiting for machine to boot. This may take a few minutes...
    node-mattermost-lc: SSH address: 127.0.0.1:2201
    node-mattermost-lc: SSH username: vagrant
    node-mattermost-lc: SSH auth method: private key
    node-mattermost-lc: Warning: Connection reset. Retrying...
    node-mattermost-lc: 
    node-mattermost-lc: Vagrant insecure key detected. Vagrant will automatically replace
    node-mattermost-lc: this with a newly generated keypair for better security.
    node-mattermost-lc: 
    node-mattermost-lc: Inserting generated public key within guest...
    node-mattermost-lc: Removing insecure key from the guest if it's present...
    node-mattermost-lc: Key inserted! Disconnecting and reconnecting using new SSH key...
==> node-mattermost-lc: Machine booted and ready!
==> node-mattermost-lc: Checking for guest additions in VM...
    node-mattermost-lc: The guest additions on this VM do not match the installed version of
    node-mattermost-lc: VirtualBox! In most cases this is fine, but in rare cases it can
    node-mattermost-lc: prevent things such as shared folders from working properly. If you see
    node-mattermost-lc: shared folder errors, please make sure the guest additions within the
    node-mattermost-lc: virtual machine match the version of VirtualBox you have installed on
    node-mattermost-lc: your host and reload your VM.
    node-mattermost-lc: 
    node-mattermost-lc: Guest Additions Version: 6.0.0 r127566
    node-mattermost-lc: VirtualBox Version: 7.2
==> node-mattermost-lc: Setting hostname...
==> node-mattermost-lc: Configuring and enabling network interfaces...
==> node-mattermost-lc: Running provisioner: shell...
    node-mattermost-lc: Running: C:/Users/176D~1/AppData/Local/Temp/vagrant-shell20260428-34272-389as9.sh
    node-mattermost-lc: [node-mattermost] scenario=missing
    node-mattermost-lc: Reading package lists...
    node-mattermost-lc: Building dependency tree...
    node-mattermost-lc: Reading state information...
    node-mattermost-lc: lsb-release is already the newest version (11.1.0ubuntu4).
    node-mattermost-lc: lsb-release set to manually installed.
    node-mattermost-lc: ca-certificates is already the newest version (20240203~22.04.1).
    node-mattermost-lc: ca-certificates set to manually installed.
    node-mattermost-lc: ufw is already the newest version (0.36.1-4ubuntu0.1).
    node-mattermost-lc: ufw set to manually installed.
    node-mattermost-lc: The following additional packages will be installed:
    node-mattermost-lc:   dirmngr gnupg-l10n gnupg-utils gpg gpg-agent gpg-wks-client gpg-wks-server
    node-mattermost-lc:   gpgconf gpgsm gpgv libcurl4
    node-mattermost-lc: Suggested packages:
    node-mattermost-lc:   pinentry-gnome3 tor parcimonie xloadimage scdaemon
    node-mattermost-lc: The following packages will be upgraded:
    node-mattermost-lc:   curl dirmngr gnupg gnupg-l10n gnupg-utils gpg gpg-agent gpg-wks-client
    node-mattermost-lc:   gpg-wks-server gpgconf gpgsm gpgv libcurl4
    node-mattermost-lc: 13 upgraded, 0 newly installed, 0 to remove and 133 not upgraded.
    node-mattermost-lc: Need to get 2732 kB of archives.
    node-mattermost-lc: After this operation, 0 B of additional disk space will be used.
    node-mattermost-lc: Get:1 http://archive.ubuntu.com/ubuntu jammy-updates/main amd64 gpg-wks-client amd64 2.2.27-3ubuntu2.5 [62.7 kB]
    node-mattermost-lc: Get:2 http://archive.ubuntu.com/ubuntu jammy-updates/main amd64 dirmngr amd64 2.2.27-3ubuntu2.5 [293 kB]
    node-mattermost-lc: Get:3 http://archive.ubuntu.com/ubuntu jammy-updates/main amd64 gpg-wks-server amd64 2.2.27-3ubuntu2.5 [57.6 kB]
    node-mattermost-lc: Get:4 http://archive.ubuntu.com/ubuntu jammy-updates/main amd64 gnupg-utils amd64 2.2.27-3ubuntu2.5 [309 kB]
    node-mattermost-lc: Get:5 http://archive.ubuntu.com/ubuntu jammy-updates/main amd64 gpg-agent amd64 2.2.27-3ubuntu2.5 [209 kB]
    node-mattermost-lc: Get:6 http://archive.ubuntu.com/ubuntu jammy-updates/main amd64 gpg amd64 2.2.27-3ubuntu2.5 [519 kB]
    node-mattermost-lc: Get:7 http://archive.ubuntu.com/ubuntu jammy-updates/main amd64 gpgconf amd64 2.2.27-3ubuntu2.5 [94.3 kB]
    node-mattermost-lc: Get:8 http://archive.ubuntu.com/ubuntu jammy-updates/main amd64 gnupg-l10n all 2.2.27-3ubuntu2.5 [54.5 kB]
    node-mattermost-lc: Get:9 http://archive.ubuntu.com/ubuntu jammy-updates/main amd64 gnupg all 2.2.27-3ubuntu2.5 [315 kB]
    node-mattermost-lc: Get:10 http://archive.ubuntu.com/ubuntu jammy-updates/main amd64 gpgsm amd64 2.2.27-3ubuntu2.5 [197 kB]
    node-mattermost-lc: Get:11 http://archive.ubuntu.com/ubuntu jammy-updates/main amd64 gpgv amd64 2.2.27-3ubuntu2.5 [137 kB]
    node-mattermost-lc: Get:12 http://archive.ubuntu.com/ubuntu jammy-updates/main amd64 curl amd64 7.81.0-1ubuntu1.23 [194 kB]
    node-mattermost-lc: Get:13 http://archive.ubuntu.com/ubuntu jammy-updates/main amd64 libcurl4 amd64 7.81.0-1ubuntu1.23 [290 kB]
    node-mattermost-lc: Fetched 2732 kB in 2s (1734 kB/s)
    node-mattermost-lc: (Reading database ... 
(Reading database ... 5%
(Reading database ... 10%
(Reading database ... 15%
(Reading database ... 20%
(Reading database ... 25%
(Reading database ... 30%
(Reading database ... 35%
(Reading database ... 40%
(Reading database ... 45%
(Reading database ... 50%
(Reading database ... 55%
(Reading database ... 60%
(Reading database ... 65%
(Reading database ... 70%
(Reading database ... 75%
(Reading database ... 80%
(Reading database ... 85%
(Reading database ... 90%
(Reading database ... 95%
(Reading database ... 100%
(Reading database ... 64257 files and directories currently installed.)
    node-mattermost-lc: Preparing to unpack .../00-gpg-wks-client_2.2.27-3ubuntu2.5_amd64.deb ...
    node-mattermost-lc: Unpacking gpg-wks-client (2.2.27-3ubuntu2.5) over (2.2.27-3ubuntu2.4) ...
    node-mattermost-lc: Preparing to unpack .../01-dirmngr_2.2.27-3ubuntu2.5_amd64.deb ...
    node-mattermost-lc: Unpacking dirmngr (2.2.27-3ubuntu2.5) over (2.2.27-3ubuntu2.4) ...
    node-mattermost-lc: Preparing to unpack .../02-gpg-wks-server_2.2.27-3ubuntu2.5_amd64.deb ...
    node-mattermost-lc: Unpacking gpg-wks-server (2.2.27-3ubuntu2.5) over (2.2.27-3ubuntu2.4) ...
    node-mattermost-lc: Preparing to unpack .../03-gnupg-utils_2.2.27-3ubuntu2.5_amd64.deb ...
    node-mattermost-lc: Unpacking gnupg-utils (2.2.27-3ubuntu2.5) over (2.2.27-3ubuntu2.4) ...
    node-mattermost-lc: Preparing to unpack .../04-gpg-agent_2.2.27-3ubuntu2.5_amd64.deb ...
    node-mattermost-lc: Unpacking gpg-agent (2.2.27-3ubuntu2.5) over (2.2.27-3ubuntu2.4) ...
    node-mattermost-lc: Preparing to unpack .../05-gpg_2.2.27-3ubuntu2.5_amd64.deb ...
    node-mattermost-lc: Unpacking gpg (2.2.27-3ubuntu2.5) over (2.2.27-3ubuntu2.4) ...
    node-mattermost-lc: Preparing to unpack .../06-gpgconf_2.2.27-3ubuntu2.5_amd64.deb ...
    node-mattermost-lc: Unpacking gpgconf (2.2.27-3ubuntu2.5) over (2.2.27-3ubuntu2.4) ...
    node-mattermost-lc: Preparing to unpack .../07-gnupg-l10n_2.2.27-3ubuntu2.5_all.deb ...
    node-mattermost-lc: Unpacking gnupg-l10n (2.2.27-3ubuntu2.5) over (2.2.27-3ubuntu2.4) ...
    node-mattermost-lc: Preparing to unpack .../08-gnupg_2.2.27-3ubuntu2.5_all.deb ...
    node-mattermost-lc: Unpacking gnupg (2.2.27-3ubuntu2.5) over (2.2.27-3ubuntu2.4) ...
    node-mattermost-lc: Preparing to unpack .../09-gpgsm_2.2.27-3ubuntu2.5_amd64.deb ...
    node-mattermost-lc: Unpacking gpgsm (2.2.27-3ubuntu2.5) over (2.2.27-3ubuntu2.4) ...
    node-mattermost-lc: Preparing to unpack .../10-gpgv_2.2.27-3ubuntu2.5_amd64.deb ...
    node-mattermost-lc: Unpacking gpgv (2.2.27-3ubuntu2.5) over (2.2.27-3ubuntu2.4) ...
    node-mattermost-lc: Setting up gpgv (2.2.27-3ubuntu2.5) ...
    node-mattermost-lc: (Reading database ... 
(Reading database ... 5%
(Reading database ... 10%
(Reading database ... 15%
(Reading database ... 20%
(Reading database ... 25%
(Reading database ... 30%
(Reading database ... 35%
(Reading database ... 40%
(Reading database ... 45%
(Reading database ... 50%
(Reading database ... 55%
(Reading database ... 60%
(Reading database ... 65%
(Reading database ... 70%
(Reading database ... 75%
(Reading database ... 80%
(Reading database ... 85%
(Reading database ... 90%
(Reading database ... 95%
(Reading database ... 100%
(Reading database ... 64257 files and directories currently installed.)
    node-mattermost-lc: Preparing to unpack .../curl_7.81.0-1ubuntu1.23_amd64.deb ...
    node-mattermost-lc: Unpacking curl (7.81.0-1ubuntu1.23) over (7.81.0-1ubuntu1.20) ...
    node-mattermost-lc: Preparing to unpack .../libcurl4_7.81.0-1ubuntu1.23_amd64.deb ...
    node-mattermost-lc: Unpacking libcurl4:amd64 (7.81.0-1ubuntu1.23) over (7.81.0-1ubuntu1.20) ...
    node-mattermost-lc: Setting up gnupg-l10n (2.2.27-3ubuntu2.5) ...
    node-mattermost-lc: Setting up gpgconf (2.2.27-3ubuntu2.5) ...
    node-mattermost-lc: Setting up libcurl4:amd64 (7.81.0-1ubuntu1.23) ...
    node-mattermost-lc: Setting up curl (7.81.0-1ubuntu1.23) ...
    node-mattermost-lc: Setting up gpg (2.2.27-3ubuntu2.5) ...
    node-mattermost-lc: Setting up gnupg-utils (2.2.27-3ubuntu2.5) ...
    node-mattermost-lc: Setting up gpg-agent (2.2.27-3ubuntu2.5) ...
    node-mattermost-lc: Setting up gpgsm (2.2.27-3ubuntu2.5) ...
    node-mattermost-lc: Setting up dirmngr (2.2.27-3ubuntu2.5) ...
    node-mattermost-lc: Setting up gpg-wks-server (2.2.27-3ubuntu2.5) ...
    node-mattermost-lc: Setting up gpg-wks-client (2.2.27-3ubuntu2.5) ...
    node-mattermost-lc: Setting up gnupg (2.2.27-3ubuntu2.5) ...
    node-mattermost-lc: Processing triggers for libc-bin (2.35-0ubuntu3.10) ...
    node-mattermost-lc: Processing triggers for man-db (2.10.2-1) ...
    node-mattermost-lc: Processing triggers for install-info (6.8-4build1) ...
    node-mattermost-lc: NEEDRESTART-VER: 3.5
    node-mattermost-lc: NEEDRESTART-KCUR: 5.15.0-144-generic
    node-mattermost-lc: NEEDRESTART-KEXP: 5.15.0-144-generic
    node-mattermost-lc: NEEDRESTART-KSTA: 1
    node-mattermost-lc: Firewall is active and enabled on system startup
    node-mattermost-lc: Rule added
    node-mattermost-lc: Rule added (v6)
    node-mattermost-lc: [node-mattermost] scenario=missing: Mattermost НЕ установлен
==> node-control-lc: Importing base box 'ubuntu/jammy64'...

[K==> node-control-lc: Matching MAC address for NAT networking...
==> node-control-lc: Setting the name of the VM: node-control-lc
==> node-control-lc: Fixed port collision for 22 => 2222. Now on port 2202.
==> node-control-lc: Clearing any previously set network interfaces...
==> node-control-lc: Preparing network interfaces based on configuration...
    node-control-lc: Adapter 1: nat
    node-control-lc: Adapter 2: hostonly
==> node-control-lc: Forwarding ports...
    node-control-lc: 22 (guest) => 2202 (host) (adapter 1)
==> node-control-lc: Running 'pre-boot' VM customizations...
==> node-control-lc: Booting VM...
==> node-control-lc: Waiting for machine to boot. This may take a few minutes...
    node-control-lc: SSH address: 127.0.0.1:2202
    node-control-lc: SSH username: vagrant
    node-control-lc: SSH auth method: private key
    node-control-lc: Warning: Connection reset. Retrying...
    node-control-lc: 
    node-control-lc: Vagrant insecure key detected. Vagrant will automatically replace
    node-control-lc: this with a newly generated keypair for better security.
    node-control-lc: 
    node-control-lc: Inserting generated public key within guest...
    node-control-lc: Removing insecure key from the guest if it's present...
    node-control-lc: Key inserted! Disconnecting and reconnecting using new SSH key...
==> node-control-lc: Machine booted and ready!
==> node-control-lc: Checking for guest additions in VM...
    node-control-lc: The guest additions on this VM do not match the installed version of
    node-control-lc: VirtualBox! In most cases this is fine, but in rare cases it can
    node-control-lc: prevent things such as shared folders from working properly. If you see
    node-control-lc: shared folder errors, please make sure the guest additions within the
    node-control-lc: virtual machine match the version of VirtualBox you have installed on
    node-control-lc: your host and reload your VM.
    node-control-lc: 
    node-control-lc: Guest Additions Version: 6.0.0 r127566
    node-control-lc: VirtualBox Version: 7.2
==> node-control-lc: Setting hostname...
==> node-control-lc: Configuring and enabling network interfaces...
==> node-control-lc: Running provisioner: file...
    node-control-lc: ../../playbooks => /tmp/playbooks
==> node-control-lc: Running provisioner: shell...
    node-control-lc: Running: C:/Users/176D~1/AppData/Local/Temp/vagrant-shell20260428-34272-ji2ee3.sh
    node-control-lc: Reading package lists...
    node-control-lc: Building dependency tree...
    node-control-lc: Reading state information...
    node-control-lc: The following additional packages will be installed:
    node-control-lc:   build-essential bzip2 cpp cpp-11 dpkg-dev fakeroot fontconfig-config
    node-control-lc:   fonts-dejavu-core g++ g++-11 gcc gcc-11 gcc-11-base gcc-12-base ieee-data
    node-control-lc:   javascript-common libalgorithm-diff-perl libalgorithm-diff-xs-perl
    node-control-lc:   libalgorithm-merge-perl libasan6 libatomic1 libc-dev-bin libc-devtools libc6
    node-control-lc:   libc6-dev libcc1-0 libcrypt-dev libdeflate0 libdpkg-perl libexpat1
    node-control-lc:   libexpat1-dev libfakeroot libfile-fcntllock-perl libfontconfig1
    node-control-lc:   libgcc-11-dev libgcc-s1 libgd3 libgomp1 libisl23 libitm1 libjbig0
    node-control-lc:   libjpeg-turbo8 libjpeg8 libjs-jquery libjs-sphinxdoc libjs-underscore
    node-control-lc:   liblsan0 libmpc3 libnsl-dev libpython3-dev libpython3.10 libpython3.10-dev
    node-control-lc:   libpython3.10-minimal libpython3.10-stdlib libquadmath0 libstdc++-11-dev
    node-control-lc:   libstdc++6 libtiff5 libtirpc-dev libtsan0 libubsan1 libwebp7 libxpm4
    node-control-lc:   linux-libc-dev lto-disabled-list make manpages-dev python3-argcomplete
    node-control-lc:   python3-dev python3-dnspython python3-jmespath python3-kerberos
    node-control-lc:   python3-libcloud python3-lockfile python3-netaddr python3-ntlm-auth
    node-control-lc:   python3-pycryptodome python3-requests-kerberos python3-requests-ntlm
    node-control-lc:   python3-requests-toolbelt python3-selinux python3-simplejson python3-wheel
    node-control-lc:   python3-winrm python3-xmltodict python3.10 python3.10-dev python3.10-minimal
    node-control-lc:   rpcsvc-proto zlib1g-dev
    node-control-lc: Suggested packages:
    node-control-lc:   cowsay bzip2-doc cpp-doc gcc-11-locales debian-keyring g++-multilib
    node-control-lc:   g++-11-multilib gcc-11-doc gcc-multilib autoconf automake libtool flex bison
    node-control-lc:   gdb gcc-doc gcc-11-multilib apache2 | lighttpd | httpd glibc-doc bzr
    node-control-lc:   libgd-tools libstdc++-11-doc make-doc python3-sniffio python3-trio
    node-control-lc:   python-lockfile-doc ipython3 python-netaddr-docs python3.10-venv
    node-control-lc:   python3.10-doc binfmt-support
    node-control-lc: Recommended packages:
    node-control-lc:   libnss-nis libnss-nisplus
    node-control-lc: The following NEW packages will be installed:
    node-control-lc:   ansible build-essential bzip2 cpp cpp-11 dpkg-dev fakeroot fontconfig-config
    node-control-lc:   fonts-dejavu-core g++ g++-11 gcc gcc-11 gcc-11-base ieee-data
    node-control-lc:   javascript-common libalgorithm-diff-perl libalgorithm-diff-xs-perl
    node-control-lc:   libalgorithm-merge-perl libasan6 libatomic1 libc-dev-bin libc-devtools
    node-control-lc:   libc6-dev libcc1-0 libcrypt-dev libdeflate0 libdpkg-perl libexpat1-dev
    node-control-lc:   libfakeroot libfile-fcntllock-perl libfontconfig1 libgcc-11-dev libgd3
    node-control-lc:   libgomp1 libisl23 libitm1 libjbig0 libjpeg-turbo8 libjpeg8 libjs-jquery
    node-control-lc:   libjs-sphinxdoc libjs-underscore liblsan0 libmpc3 libnsl-dev libpython3-dev
    node-control-lc:   libpython3.10-dev libquadmath0 libstdc++-11-dev libtiff5 libtirpc-dev
    node-control-lc:   libtsan0 libubsan1 libwebp7 libxpm4 linux-libc-dev lto-disabled-list make
    node-control-lc:   manpages-dev python3-argcomplete python3-dev python3-dnspython
    node-control-lc:   python3-jmespath python3-kerberos python3-libcloud python3-lockfile
    node-control-lc:   python3-netaddr python3-ntlm-auth python3-pip python3-pycryptodome
    node-control-lc:   python3-requests-kerberos python3-requests-ntlm python3-requests-toolbelt
    node-control-lc:   python3-selinux python3-simplejson python3-wheel python3-winrm
    node-control-lc:   python3-xmltodict python3.10-dev rpcsvc-proto sshpass zlib1g-dev
    node-control-lc: The following packages will be upgraded:
    node-control-lc:   gcc-12-base libc6 libexpat1 libgcc-s1 libpython3.10 libpython3.10-minimal
    node-control-lc:   libpython3.10-stdlib libstdc++6 python3.10 python3.10-minimal
    node-control-lc: 10 upgraded, 83 newly installed, 0 to remove and 136 not upgraded.
    node-control-lc: Need to get 106 MB of archives.
    node-control-lc: After this operation, 483 MB of additional disk space will be used.
    node-control-lc: Get:1 http://archive.ubuntu.com/ubuntu jammy-updates/main amd64 gcc-12-base amd64 12.3.0-1ubuntu1~22.04.3 [216 kB]
    node-control-lc: Get:2 http://archive.ubuntu.com/ubuntu jammy-updates/main amd64 libgcc-s1 amd64 12.3.0-1ubuntu1~22.04.3 [53.9 kB]
    node-control-lc: Get:3 http://archive.ubuntu.com/ubuntu jammy-updates/main amd64 libstdc++6 amd64 12.3.0-1ubuntu1~22.04.3 [699 kB]
    node-control-lc: Get:4 http://archive.ubuntu.com/ubuntu jammy-updates/main amd64 libc6 amd64 2.35-0ubuntu3.13 [3235 kB]
    node-control-lc: Get:5 http://archive.ubuntu.com/ubuntu jammy-updates/main amd64 libexpat1 amd64 2.4.7-1ubuntu0.7 [92.1 kB]
    node-control-lc: Get:6 http://archive.ubuntu.com/ubuntu jammy-updates/main amd64 libpython3.10 amd64 3.10.12-1~22.04.15 [1949 kB]
    node-control-lc: Get:7 http://archive.ubuntu.com/ubuntu jammy-updates/main amd64 python3.10 amd64 3.10.12-1~22.04.15 [508 kB]
    node-control-lc: Get:8 http://archive.ubuntu.com/ubuntu jammy-updates/main amd64 libpython3.10-stdlib amd64 3.10.12-1~22.04.15 [1850 kB]
    node-control-lc: Get:9 http://archive.ubuntu.com/ubuntu jammy-updates/main amd64 python3.10-minimal amd64 3.10.12-1~22.04.15 [2275 kB]
    node-control-lc: Get:10 http://archive.ubuntu.com/ubuntu jammy-updates/main amd64 libpython3.10-minimal amd64 3.10.12-1~22.04.15 [816 kB]
    node-control-lc: Get:11 http://archive.ubuntu.com/ubuntu jammy-updates/main amd64 python3-pycryptodome amd64 3.11.0+dfsg1-3ubuntu0.1 [1029 kB]
    node-control-lc: Get:12 http://archive.ubuntu.com/ubuntu jammy/main amd64 python3-dnspython all 2.1.0-1ubuntu1 [123 kB]
    node-control-lc: Get:13 http://archive.ubuntu.com/ubuntu jammy/main amd64 ieee-data all 20210605.1 [1887 kB]
    node-control-lc: Get:14 http://archive.ubuntu.com/ubuntu jammy/main amd64 python3-netaddr all 0.8.0-2 [309 kB]
    node-control-lc: Get:15 http://archive.ubuntu.com/ubuntu jammy/universe amd64 ansible all 2.10.7+merged+base+2.10.8+dfsg-1 [17.5 MB]
    node-control-lc: Get:16 http://archive.ubuntu.com/ubuntu jammy-updates/main amd64 libc-dev-bin amd64 2.35-0ubuntu3.13 [20.3 kB]
    node-control-lc: Get:17 http://archive.ubuntu.com/ubuntu jammy-updates/main amd64 linux-libc-dev amd64 5.15.0-176.186 [1327 kB]
    node-control-lc: Get:18 http://archive.ubuntu.com/ubuntu jammy/main amd64 libcrypt-dev amd64 1:4.4.27-1 [112 kB]
    node-control-lc: Get:19 http://archive.ubuntu.com/ubuntu jammy/main amd64 rpcsvc-proto amd64 1.4.2-0ubuntu6 [68.5 kB]
    node-control-lc: Get:20 http://archive.ubuntu.com/ubuntu jammy-updates/main amd64 libtirpc-dev amd64 1.3.2-2ubuntu0.1 [192 kB]
    node-control-lc: Get:21 http://archive.ubuntu.com/ubuntu jammy/main amd64 libnsl-dev amd64 1.3.0-2build2 [71.3 kB]
    node-control-lc: Get:22 http://archive.ubuntu.com/ubuntu jammy-updates/main amd64 libc6-dev amd64 2.35-0ubuntu3.13 [2101 kB]
    node-control-lc: Get:23 http://archive.ubuntu.com/ubuntu jammy-updates/main amd64 gcc-11-base amd64 11.4.0-1ubuntu1~22.04.3 [216 kB]
    node-control-lc: Get:24 http://archive.ubuntu.com/ubuntu jammy/main amd64 libisl23 amd64 0.24-2build1 [727 kB]
    node-control-lc: Get:25 http://archive.ubuntu.com/ubuntu jammy/main amd64 libmpc3 amd64 1.2.1-2build1 [46.9 kB]
    node-control-lc: Get:26 http://archive.ubuntu.com/ubuntu jammy-updates/main amd64 cpp-11 amd64 11.4.0-1ubuntu1~22.04.3 [10.0 MB]
    node-control-lc: Get:27 http://archive.ubuntu.com/ubuntu jammy/main amd64 cpp amd64 4:11.2.0-1ubuntu1 [27.7 kB]
    node-control-lc: Get:28 http://archive.ubuntu.com/ubuntu jammy-updates/main amd64 libcc1-0 amd64 12.3.0-1ubuntu1~22.04.3 [48.3 kB]
    node-control-lc: Get:29 http://archive.ubuntu.com/ubuntu jammy-updates/main amd64 libgomp1 amd64 12.3.0-1ubuntu1~22.04.3 [127 kB]
    node-control-lc: Get:30 http://archive.ubuntu.com/ubuntu jammy-updates/main amd64 libitm1 amd64 12.3.0-1ubuntu1~22.04.3 [30.2 kB]
    node-control-lc: Get:31 http://archive.ubuntu.com/ubuntu jammy-updates/main amd64 libatomic1 amd64 12.3.0-1ubuntu1~22.04.3 [10.5 kB]
    node-control-lc: Get:32 http://archive.ubuntu.com/ubuntu jammy-updates/main amd64 libasan6 amd64 11.4.0-1ubuntu1~22.04.3 [2283 kB]
    node-control-lc: Get:33 http://archive.ubuntu.com/ubuntu jammy-updates/main amd64 liblsan0 amd64 12.3.0-1ubuntu1~22.04.3 [1069 kB]
    node-control-lc: Get:34 http://archive.ubuntu.com/ubuntu jammy-updates/main amd64 libtsan0 amd64 11.4.0-1ubuntu1~22.04.3 [2260 kB]
    node-control-lc: Get:35 http://archive.ubuntu.com/ubuntu jammy-updates/main amd64 libubsan1 amd64 12.3.0-1ubuntu1~22.04.3 [976 kB]
    node-control-lc: Get:36 http://archive.ubuntu.com/ubuntu jammy-updates/main amd64 libquadmath0 amd64 12.3.0-1ubuntu1~22.04.3 [154 kB]
    node-control-lc: Get:37 http://archive.ubuntu.com/ubuntu jammy-updates/main amd64 libgcc-11-dev amd64 11.4.0-1ubuntu1~22.04.3 [2517 kB]
    node-control-lc: Get:38 http://archive.ubuntu.com/ubuntu jammy-updates/main amd64 gcc-11 amd64 11.4.0-1ubuntu1~22.04.3 [20.1 MB]
    node-control-lc: Get:39 http://archive.ubuntu.com/ubuntu jammy/main amd64 gcc amd64 4:11.2.0-1ubuntu1 [5112 B]
    node-control-lc: Get:40 http://archive.ubuntu.com/ubuntu jammy-updates/main amd64 libstdc++-11-dev amd64 11.4.0-1ubuntu1~22.04.3 [2101 kB]
    node-control-lc: Get:41 http://archive.ubuntu.com/ubuntu jammy-updates/main amd64 g++-11 amd64 11.4.0-1ubuntu1~22.04.3 [11.4 MB]
    node-control-lc: Get:42 http://archive.ubuntu.com/ubuntu jammy/main amd64 g++ amd64 4:11.2.0-1ubuntu1 [1412 B]
    node-control-lc: Get:43 http://archive.ubuntu.com/ubuntu jammy/main amd64 make amd64 4.3-4.1build1 [180 kB]
    node-control-lc: Get:44 http://archive.ubuntu.com/ubuntu jammy-updates/main amd64 libdpkg-perl all 1.21.1ubuntu2.6 [237 kB]
    node-control-lc: Get:45 http://archive.ubuntu.com/ubuntu jammy/main amd64 bzip2 amd64 1.0.8-5build1 [34.8 kB]
    node-control-lc: Get:46 http://archive.ubuntu.com/ubuntu jammy/main amd64 lto-disabled-list all 24 [12.5 kB]
    node-control-lc: Get:47 http://archive.ubuntu.com/ubuntu jammy-updates/main amd64 dpkg-dev all 1.21.1ubuntu2.6 [922 kB]
    node-control-lc: Get:48 http://archive.ubuntu.com/ubuntu jammy/main amd64 build-essential amd64 12.9ubuntu3 [4744 B]
    node-control-lc: Get:49 http://archive.ubuntu.com/ubuntu jammy/main amd64 libfakeroot amd64 1.28-1ubuntu1 [31.5 kB]
    node-control-lc: Get:50 http://archive.ubuntu.com/ubuntu jammy/main amd64 fakeroot amd64 1.28-1ubuntu1 [60.4 kB]
    node-control-lc: Get:51 http://archive.ubuntu.com/ubuntu jammy/main amd64 fonts-dejavu-core all 2.37-2build1 [1041 kB]
    node-control-lc: Get:52 http://archive.ubuntu.com/ubuntu jammy/main amd64 fontconfig-config all 2.13.1-4.2ubuntu5 [29.1 kB]
    node-control-lc: Get:53 http://archive.ubuntu.com/ubuntu jammy/main amd64 javascript-common all 11+nmu1 [5936 B]
    node-control-lc: Get:54 http://archive.ubuntu.com/ubuntu jammy/main amd64 libalgorithm-diff-perl all 1.201-1 [41.8 kB]
    node-control-lc: Get:55 http://archive.ubuntu.com/ubuntu jammy/main amd64 libalgorithm-diff-xs-perl amd64 0.04-6build3 [11.9 kB]
    node-control-lc: Get:56 http://archive.ubuntu.com/ubuntu jammy/main amd64 libalgorithm-merge-perl all 0.08-3 [12.0 kB]
    node-control-lc: Get:57 http://archive.ubuntu.com/ubuntu jammy/main amd64 libfontconfig1 amd64 2.13.1-4.2ubuntu5 [131 kB]
    node-control-lc: Get:58 http://archive.ubuntu.com/ubuntu jammy/main amd64 libjpeg-turbo8 amd64 2.1.2-0ubuntu1 [134 kB]
    node-control-lc: Get:59 http://archive.ubuntu.com/ubuntu jammy/main amd64 libjpeg8 amd64 8c-2ubuntu10 [2264 B]
    node-control-lc: Get:60 http://archive.ubuntu.com/ubuntu jammy/main amd64 libdeflate0 amd64 1.10-2 [70.9 kB]
    node-control-lc: Get:61 http://archive.ubuntu.com/ubuntu jammy-updates/main amd64 libjbig0 amd64 2.1-3.1ubuntu0.22.04.1 [29.2 kB]
    node-control-lc: Get:62 http://archive.ubuntu.com/ubuntu jammy-updates/main amd64 libwebp7 amd64 1.2.2-2ubuntu0.22.04.2 [206 kB]
    node-control-lc: Get:63 http://archive.ubuntu.com/ubuntu jammy-updates/main amd64 libtiff5 amd64 4.3.0-6ubuntu0.13 [185 kB]
    node-control-lc: Get:64 http://archive.ubuntu.com/ubuntu jammy-updates/main amd64 libxpm4 amd64 1:3.5.12-1ubuntu0.22.04.2 [36.7 kB]
    node-control-lc: Get:65 http://archive.ubuntu.com/ubuntu jammy-updates/main amd64 libgd3 amd64 2.3.0-2ubuntu2.3 [129 kB]
    node-control-lc: Get:66 http://archive.ubuntu.com/ubuntu jammy-updates/main amd64 libc-devtools amd64 2.35-0ubuntu3.13 [29.0 kB]
    node-control-lc: Get:67 http://archive.ubuntu.com/ubuntu jammy-updates/main amd64 libexpat1-dev amd64 2.4.7-1ubuntu0.7 [148 kB]
    node-control-lc: Get:68 http://archive.ubuntu.com/ubuntu jammy/main amd64 libfile-fcntllock-perl amd64 0.22-3build7 [33.9 kB]
    node-control-lc: Get:69 http://archive.ubuntu.com/ubuntu jammy/main amd64 libjs-jquery all 3.6.0+dfsg+~3.5.13-1 [321 kB]
    node-control-lc: Get:70 http://archive.ubuntu.com/ubuntu jammy/main amd64 libjs-underscore all 1.13.2~dfsg-2 [118 kB]
    node-control-lc: Get:71 http://archive.ubuntu.com/ubuntu jammy/main amd64 libjs-sphinxdoc all 4.3.2-1 [139 kB]
    node-control-lc: Get:72 http://archive.ubuntu.com/ubuntu jammy-updates/main amd64 zlib1g-dev amd64 1:1.2.11.dfsg-2ubuntu9.2 [164 kB]
    node-control-lc: Get:73 http://archive.ubuntu.com/ubuntu jammy-updates/main amd64 libpython3.10-dev amd64 3.10.12-1~22.04.15 [4764 kB]
    node-control-lc: Get:74 http://archive.ubuntu.com/ubuntu jammy-updates/main amd64 libpython3-dev amd64 3.10.6-1~22.04.1 [7064 B]
    node-control-lc: Get:75 http://archive.ubuntu.com/ubuntu jammy/main amd64 manpages-dev all 5.10-1ubuntu1 [2309 kB]
    node-control-lc: Get:76 http://archive.ubuntu.com/ubuntu jammy/universe amd64 python3-argcomplete all 1.8.1-1.5 [27.2 kB]
    node-control-lc: Get:77 http://archive.ubuntu.com/ubuntu jammy-updates/main amd64 python3.10-dev amd64 3.10.12-1~22.04.15 [508 kB]
    node-control-lc: Get:78 http://archive.ubuntu.com/ubuntu jammy-updates/main amd64 python3-dev amd64 3.10.6-1~22.04.1 [26.0 kB]
    node-control-lc: Get:79 http://archive.ubuntu.com/ubuntu jammy/main amd64 python3-jmespath all 0.10.0-1 [21.7 kB]
    node-control-lc: Get:80 http://archive.ubuntu.com/ubuntu jammy/universe amd64 python3-kerberos amd64 1.1.14-3.1build5 [23.0 kB]
    node-control-lc: Get:81 http://archive.ubuntu.com/ubuntu jammy/main amd64 python3-lockfile all 1:0.12.2-2.2 [14.6 kB]
    node-control-lc: Get:82 http://archive.ubuntu.com/ubuntu jammy/main amd64 python3-simplejson amd64 3.17.6-1build1 [54.7 kB]
    node-control-lc: Get:83 http://archive.ubuntu.com/ubuntu jammy/universe amd64 python3-libcloud all 3.2.0-2 [1554 kB]
    node-control-lc: Get:84 http://archive.ubuntu.com/ubuntu jammy/universe amd64 python3-ntlm-auth all 1.4.0-1 [20.4 kB]
    node-control-lc: Get:85 http://archive.ubuntu.com/ubuntu jammy-updates/universe amd64 python3-wheel all 0.37.1-2ubuntu0.22.04.1 [32.0 kB]
    node-control-lc: Get:86 http://archive.ubuntu.com/ubuntu jammy-updates/universe amd64 python3-pip all 22.0.2+dfsg-1ubuntu0.7 [1306 kB]
    node-control-lc: Get:87 http://archive.ubuntu.com/ubuntu jammy/universe amd64 python3-requests-kerberos all 0.12.0-2 [11.9 kB]
    node-control-lc: Get:88 http://archive.ubuntu.com/ubuntu jammy/universe amd64 python3-requests-ntlm all 1.1.0-1.1 [6160 B]
    node-control-lc: Get:89 http://archive.ubuntu.com/ubuntu jammy/main amd64 python3-requests-toolbelt all 0.9.1-1 [38.0 kB]
    node-control-lc: Get:90 http://archive.ubuntu.com/ubuntu jammy/universe amd64 python3-selinux amd64 3.3-1build2 [159 kB]
    node-control-lc: Get:91 http://archive.ubuntu.com/ubuntu jammy/universe amd64 python3-xmltodict all 0.12.0-2 [12.6 kB]
    node-control-lc: Get:92 http://archive.ubuntu.com/ubuntu jammy/universe amd64 python3-winrm all 0.3.0-2 [21.7 kB]
    node-control-lc: Get:93 http://archive.ubuntu.com/ubuntu jammy/universe amd64 sshpass amd64 1.09-1 [11.7 kB]
    node-control-lc: Preconfiguring packages ...
    node-control-lc: Fetched 106 MB in 11s (9787 kB/s)
    node-control-lc: (Reading database ... 
(Reading database ... 5%
(Reading database ... 10%
(Reading database ... 15%
(Reading database ... 20%
(Reading database ... 25%
(Reading database ... 30%
(Reading database ... 35%
(Reading database ... 40%
(Reading database ... 45%
(Reading database ... 50%
(Reading database ... 55%
(Reading database ... 60%
(Reading database ... 65%
(Reading database ... 70%
(Reading database ... 75%
(Reading database ... 80%
(Reading database ... 85%
(Reading database ... 90%
(Reading database ... 95%
(Reading database ... 100%
(Reading database ... 64257 files and directories currently installed.)
    node-control-lc: Preparing to unpack .../gcc-12-base_12.3.0-1ubuntu1~22.04.3_amd64.deb ...
    node-control-lc: Unpacking gcc-12-base:amd64 (12.3.0-1ubuntu1~22.04.3) over (12.3.0-1ubuntu1~22.04) ...
    node-control-lc: Setting up gcc-12-base:amd64 (12.3.0-1ubuntu1~22.04.3) ...
    node-control-lc: (Reading database ... 
(Reading database ... 5%
(Reading database ... 10%
(Reading database ... 15%
(Reading database ... 20%
(Reading database ... 25%
(Reading database ... 30%
(Reading database ... 35%
(Reading database ... 40%
(Reading database ... 45%
(Reading database ... 50%
(Reading database ... 55%
(Reading database ... 60%
(Reading database ... 65%
(Reading database ... 70%
(Reading database ... 75%
(Reading database ... 80%
(Reading database ... 85%
(Reading database ... 90%
(Reading database ... 95%
(Reading database ... 100%
(Reading database ... 64257 files and directories currently installed.)
    node-control-lc: Preparing to unpack .../libgcc-s1_12.3.0-1ubuntu1~22.04.3_amd64.deb ...
    node-control-lc: Unpacking libgcc-s1:amd64 (12.3.0-1ubuntu1~22.04.3) over (12.3.0-1ubuntu1~22.04) ...
    node-control-lc: Setting up libgcc-s1:amd64 (12.3.0-1ubuntu1~22.04.3) ...
    node-control-lc: (Reading database ... 
(Reading database ... 5%
(Reading database ... 10%
(Reading database ... 15%
(Reading database ... 20%
(Reading database ... 25%
(Reading database ... 30%
(Reading database ... 35%
(Reading database ... 40%
(Reading database ... 45%
(Reading database ... 50%
(Reading database ... 55%
(Reading database ... 60%
(Reading database ... 65%
(Reading database ... 70%
(Reading database ... 75%
(Reading database ... 80%
(Reading database ... 85%
(Reading database ... 90%
(Reading database ... 95%
(Reading database ... 100%
(Reading database ... 64257 files and directories currently installed.)
    node-control-lc: Preparing to unpack .../libstdc++6_12.3.0-1ubuntu1~22.04.3_amd64.deb ...
    node-control-lc: Unpacking libstdc++6:amd64 (12.3.0-1ubuntu1~22.04.3) over (12.3.0-1ubuntu1~22.04) ...
    node-control-lc: Setting up libstdc++6:amd64 (12.3.0-1ubuntu1~22.04.3) ...
    node-control-lc: (Reading database ... 
(Reading database ... 5%
(Reading database ... 10%
(Reading database ... 15%
(Reading database ... 20%
(Reading database ... 25%
(Reading database ... 30%
(Reading database ... 35%
(Reading database ... 40%
(Reading database ... 45%
(Reading database ... 50%
(Reading database ... 55%
(Reading database ... 60%
(Reading database ... 65%
(Reading database ... 70%
(Reading database ... 75%
(Reading database ... 80%
(Reading database ... 85%
(Reading database ... 90%
(Reading database ... 95%
(Reading database ... 100%
(Reading database ... 64257 files and directories currently installed.)
    node-control-lc: Preparing to unpack .../libc6_2.35-0ubuntu3.13_amd64.deb ...
    node-control-lc: Unpacking libc6:amd64 (2.35-0ubuntu3.13) over (2.35-0ubuntu3.10) ...
    node-control-lc: Setting up libc6:amd64 (2.35-0ubuntu3.13) ...
    node-control-lc: (Reading database ... 
(Reading database ... 5%
(Reading database ... 10%
(Reading database ... 15%
(Reading database ... 20%
(Reading database ... 25%
(Reading database ... 30%
(Reading database ... 35%
(Reading database ... 40%
(Reading database ... 45%
(Reading database ... 50%
(Reading database ... 55%
(Reading database ... 60%
(Reading database ... 65%
(Reading database ... 70%
(Reading database ... 75%
(Reading database ... 80%
(Reading database ... 85%
(Reading database ... 90%
(Reading database ... 95%
(Reading database ... 100%
(Reading database ... 64257 files and directories currently installed.)
    node-control-lc: Preparing to unpack .../00-libexpat1_2.4.7-1ubuntu0.7_amd64.deb ...
    node-control-lc: Unpacking libexpat1:amd64 (2.4.7-1ubuntu0.7) over (2.4.7-1ubuntu0.6) ...
    node-control-lc: Preparing to unpack .../01-libpython3.10_3.10.12-1~22.04.15_amd64.deb ...
    node-control-lc: Unpacking libpython3.10:amd64 (3.10.12-1~22.04.15) over (3.10.12-1~22.04.10) ...
    node-control-lc: Preparing to unpack .../02-python3.10_3.10.12-1~22.04.15_amd64.deb ...
    node-control-lc: Unpacking python3.10 (3.10.12-1~22.04.15) over (3.10.12-1~22.04.10) ...
    node-control-lc: Preparing to unpack .../03-libpython3.10-stdlib_3.10.12-1~22.04.15_amd64.deb ...
    node-control-lc: Unpacking libpython3.10-stdlib:amd64 (3.10.12-1~22.04.15) over (3.10.12-1~22.04.10) ...
    node-control-lc: Preparing to unpack .../04-python3.10-minimal_3.10.12-1~22.04.15_amd64.deb ...
    node-control-lc: Unpacking python3.10-minimal (3.10.12-1~22.04.15) over (3.10.12-1~22.04.10) ...
    node-control-lc: Preparing to unpack .../05-libpython3.10-minimal_3.10.12-1~22.04.15_amd64.deb ...
    node-control-lc: Unpacking libpython3.10-minimal:amd64 (3.10.12-1~22.04.15) over (3.10.12-1~22.04.10) ...
    node-control-lc: Selecting previously unselected package python3-pycryptodome.
    node-control-lc: Preparing to unpack .../06-python3-pycryptodome_3.11.0+dfsg1-3ubuntu0.1_amd64.deb ...
    node-control-lc: Unpacking python3-pycryptodome (3.11.0+dfsg1-3ubuntu0.1) ...
    node-control-lc: Selecting previously unselected package python3-dnspython.
    node-control-lc: Preparing to unpack .../07-python3-dnspython_2.1.0-1ubuntu1_all.deb ...
    node-control-lc: Unpacking python3-dnspython (2.1.0-1ubuntu1) ...
    node-control-lc: Selecting previously unselected package ieee-data.
    node-control-lc: Preparing to unpack .../08-ieee-data_20210605.1_all.deb ...
    node-control-lc: Unpacking ieee-data (20210605.1) ...
    node-control-lc: Selecting previously unselected package python3-netaddr.
    node-control-lc: Preparing to unpack .../09-python3-netaddr_0.8.0-2_all.deb ...
    node-control-lc: Unpacking python3-netaddr (0.8.0-2) ...
    node-control-lc: Selecting previously unselected package ansible.
    node-control-lc: Preparing to unpack .../10-ansible_2.10.7+merged+base+2.10.8+dfsg-1_all.deb ...
    node-control-lc: Unpacking ansible (2.10.7+merged+base+2.10.8+dfsg-1) ...
    node-control-lc: Selecting previously unselected package libc-dev-bin.
    node-control-lc: Preparing to unpack .../11-libc-dev-bin_2.35-0ubuntu3.13_amd64.deb ...
    node-control-lc: Unpacking libc-dev-bin (2.35-0ubuntu3.13) ...
    node-control-lc: Selecting previously unselected package linux-libc-dev:amd64.
    node-control-lc: Preparing to unpack .../12-linux-libc-dev_5.15.0-176.186_amd64.deb ...
    node-control-lc: Unpacking linux-libc-dev:amd64 (5.15.0-176.186) ...
    node-control-lc: Selecting previously unselected package libcrypt-dev:amd64.
    node-control-lc: Preparing to unpack .../13-libcrypt-dev_1%3a4.4.27-1_amd64.deb ...
    node-control-lc: Unpacking libcrypt-dev:amd64 (1:4.4.27-1) ...
    node-control-lc: Selecting previously unselected package rpcsvc-proto.
    node-control-lc: Preparing to unpack .../14-rpcsvc-proto_1.4.2-0ubuntu6_amd64.deb ...
    node-control-lc: Unpacking rpcsvc-proto (1.4.2-0ubuntu6) ...
    node-control-lc: Selecting previously unselected package libtirpc-dev:amd64.
    node-control-lc: Preparing to unpack .../15-libtirpc-dev_1.3.2-2ubuntu0.1_amd64.deb ...
    node-control-lc: Unpacking libtirpc-dev:amd64 (1.3.2-2ubuntu0.1) ...
    node-control-lc: Selecting previously unselected package libnsl-dev:amd64.
    node-control-lc: Preparing to unpack .../16-libnsl-dev_1.3.0-2build2_amd64.deb ...
    node-control-lc: Unpacking libnsl-dev:amd64 (1.3.0-2build2) ...
    node-control-lc: Selecting previously unselected package libc6-dev:amd64.
    node-control-lc: Preparing to unpack .../17-libc6-dev_2.35-0ubuntu3.13_amd64.deb ...
    node-control-lc: Unpacking libc6-dev:amd64 (2.35-0ubuntu3.13) ...
    node-control-lc: Selecting previously unselected package gcc-11-base:amd64.
    node-control-lc: Preparing to unpack .../18-gcc-11-base_11.4.0-1ubuntu1~22.04.3_amd64.deb ...
    node-control-lc: Unpacking gcc-11-base:amd64 (11.4.0-1ubuntu1~22.04.3) ...
    node-control-lc: Selecting previously unselected package libisl23:amd64.
    node-control-lc: Preparing to unpack .../19-libisl23_0.24-2build1_amd64.deb ...
    node-control-lc: Unpacking libisl23:amd64 (0.24-2build1) ...
    node-control-lc: Selecting previously unselected package libmpc3:amd64.
    node-control-lc: Preparing to unpack .../20-libmpc3_1.2.1-2build1_amd64.deb ...
    node-control-lc: Unpacking libmpc3:amd64 (1.2.1-2build1) ...
    node-control-lc: Selecting previously unselected package cpp-11.
    node-control-lc: Preparing to unpack .../21-cpp-11_11.4.0-1ubuntu1~22.04.3_amd64.deb ...
    node-control-lc: Unpacking cpp-11 (11.4.0-1ubuntu1~22.04.3) ...
    node-control-lc: Selecting previously unselected package cpp.
    node-control-lc: Preparing to unpack .../22-cpp_4%3a11.2.0-1ubuntu1_amd64.deb ...
    node-control-lc: Unpacking cpp (4:11.2.0-1ubuntu1) ...
    node-control-lc: Selecting previously unselected package libcc1-0:amd64.
    node-control-lc: Preparing to unpack .../23-libcc1-0_12.3.0-1ubuntu1~22.04.3_amd64.deb ...
    node-control-lc: Unpacking libcc1-0:amd64 (12.3.0-1ubuntu1~22.04.3) ...
    node-control-lc: Selecting previously unselected package libgomp1:amd64.
    node-control-lc: Preparing to unpack .../24-libgomp1_12.3.0-1ubuntu1~22.04.3_amd64.deb ...
    node-control-lc: Unpacking libgomp1:amd64 (12.3.0-1ubuntu1~22.04.3) ...
    node-control-lc: Selecting previously unselected package libitm1:amd64.
    node-control-lc: Preparing to unpack .../25-libitm1_12.3.0-1ubuntu1~22.04.3_amd64.deb ...
    node-control-lc: Unpacking libitm1:amd64 (12.3.0-1ubuntu1~22.04.3) ...
    node-control-lc: Selecting previously unselected package libatomic1:amd64.
    node-control-lc: Preparing to unpack .../26-libatomic1_12.3.0-1ubuntu1~22.04.3_amd64.deb ...
    node-control-lc: Unpacking libatomic1:amd64 (12.3.0-1ubuntu1~22.04.3) ...
    node-control-lc: Selecting previously unselected package libasan6:amd64.
    node-control-lc: Preparing to unpack .../27-libasan6_11.4.0-1ubuntu1~22.04.3_amd64.deb ...
    node-control-lc: Unpacking libasan6:amd64 (11.4.0-1ubuntu1~22.04.3) ...
    node-control-lc: Selecting previously unselected package liblsan0:amd64.
    node-control-lc: Preparing to unpack .../28-liblsan0_12.3.0-1ubuntu1~22.04.3_amd64.deb ...
    node-control-lc: Unpacking liblsan0:amd64 (12.3.0-1ubuntu1~22.04.3) ...
    node-control-lc: Selecting previously unselected package libtsan0:amd64.
    node-control-lc: Preparing to unpack .../29-libtsan0_11.4.0-1ubuntu1~22.04.3_amd64.deb ...
    node-control-lc: Unpacking libtsan0:amd64 (11.4.0-1ubuntu1~22.04.3) ...
    node-control-lc: Selecting previously unselected package libubsan1:amd64.
    node-control-lc: Preparing to unpack .../30-libubsan1_12.3.0-1ubuntu1~22.04.3_amd64.deb ...
    node-control-lc: Unpacking libubsan1:amd64 (12.3.0-1ubuntu1~22.04.3) ...
    node-control-lc: Selecting previously unselected package libquadmath0:amd64.
    node-control-lc: Preparing to unpack .../31-libquadmath0_12.3.0-1ubuntu1~22.04.3_amd64.deb ...
    node-control-lc: Unpacking libquadmath0:amd64 (12.3.0-1ubuntu1~22.04.3) ...
    node-control-lc: Selecting previously unselected package libgcc-11-dev:amd64.
    node-control-lc: Preparing to unpack .../32-libgcc-11-dev_11.4.0-1ubuntu1~22.04.3_amd64.deb ...
    node-control-lc: Unpacking libgcc-11-dev:amd64 (11.4.0-1ubuntu1~22.04.3) ...
    node-control-lc: Selecting previously unselected package gcc-11.
    node-control-lc: Preparing to unpack .../33-gcc-11_11.4.0-1ubuntu1~22.04.3_amd64.deb ...
    node-control-lc: Unpacking gcc-11 (11.4.0-1ubuntu1~22.04.3) ...
    node-control-lc: Selecting previously unselected package gcc.
    node-control-lc: Preparing to unpack .../34-gcc_4%3a11.2.0-1ubuntu1_amd64.deb ...
    node-control-lc: Unpacking gcc (4:11.2.0-1ubuntu1) ...
    node-control-lc: Selecting previously unselected package libstdc++-11-dev:amd64.
    node-control-lc: Preparing to unpack .../35-libstdc++-11-dev_11.4.0-1ubuntu1~22.04.3_amd64.deb ...
    node-control-lc: Unpacking libstdc++-11-dev:amd64 (11.4.0-1ubuntu1~22.04.3) ...
    node-control-lc: Selecting previously unselected package g++-11.
    node-control-lc: Preparing to unpack .../36-g++-11_11.4.0-1ubuntu1~22.04.3_amd64.deb ...
    node-control-lc: Unpacking g++-11 (11.4.0-1ubuntu1~22.04.3) ...
    node-control-lc: Selecting previously unselected package g++.
    node-control-lc: Preparing to unpack .../37-g++_4%3a11.2.0-1ubuntu1_amd64.deb ...
    node-control-lc: Unpacking g++ (4:11.2.0-1ubuntu1) ...
    node-control-lc: Selecting previously unselected package make.
    node-control-lc: Preparing to unpack .../38-make_4.3-4.1build1_amd64.deb ...
    node-control-lc: Unpacking make (4.3-4.1build1) ...
    node-control-lc: Selecting previously unselected package libdpkg-perl.
    node-control-lc: Preparing to unpack .../39-libdpkg-perl_1.21.1ubuntu2.6_all.deb ...
    node-control-lc: Unpacking libdpkg-perl (1.21.1ubuntu2.6) ...
    node-control-lc: Selecting previously unselected package bzip2.
    node-control-lc: Preparing to unpack .../40-bzip2_1.0.8-5build1_amd64.deb ...
    node-control-lc: Unpacking bzip2 (1.0.8-5build1) ...
    node-control-lc: Selecting previously unselected package lto-disabled-list.
    node-control-lc: Preparing to unpack .../41-lto-disabled-list_24_all.deb ...
    node-control-lc: Unpacking lto-disabled-list (24) ...
    node-control-lc: Selecting previously unselected package dpkg-dev.
    node-control-lc: Preparing to unpack .../42-dpkg-dev_1.21.1ubuntu2.6_all.deb ...
    node-control-lc: Unpacking dpkg-dev (1.21.1ubuntu2.6) ...
    node-control-lc: Selecting previously unselected package build-essential.
    node-control-lc: Preparing to unpack .../43-build-essential_12.9ubuntu3_amd64.deb ...
    node-control-lc: Unpacking build-essential (12.9ubuntu3) ...
    node-control-lc: Selecting previously unselected package libfakeroot:amd64.
    node-control-lc: Preparing to unpack .../44-libfakeroot_1.28-1ubuntu1_amd64.deb ...
    node-control-lc: Unpacking libfakeroot:amd64 (1.28-1ubuntu1) ...
    node-control-lc: Selecting previously unselected package fakeroot.
    node-control-lc: Preparing to unpack .../45-fakeroot_1.28-1ubuntu1_amd64.deb ...
    node-control-lc: Unpacking fakeroot (1.28-1ubuntu1) ...
    node-control-lc: Selecting previously unselected package fonts-dejavu-core.
    node-control-lc: Preparing to unpack .../46-fonts-dejavu-core_2.37-2build1_all.deb ...
    node-control-lc: Unpacking fonts-dejavu-core (2.37-2build1) ...
    node-control-lc: Selecting previously unselected package fontconfig-config.
    node-control-lc: Preparing to unpack .../47-fontconfig-config_2.13.1-4.2ubuntu5_all.deb ...
    node-control-lc: Unpacking fontconfig-config (2.13.1-4.2ubuntu5) ...
    node-control-lc: Selecting previously unselected package javascript-common.
    node-control-lc: Preparing to unpack .../48-javascript-common_11+nmu1_all.deb ...
    node-control-lc: Unpacking javascript-common (11+nmu1) ...
    node-control-lc: Selecting previously unselected package libalgorithm-diff-perl.
    node-control-lc: Preparing to unpack .../49-libalgorithm-diff-perl_1.201-1_all.deb ...
    node-control-lc: Unpacking libalgorithm-diff-perl (1.201-1) ...
    node-control-lc: Selecting previously unselected package libalgorithm-diff-xs-perl.
    node-control-lc: Preparing to unpack .../50-libalgorithm-diff-xs-perl_0.04-6build3_amd64.deb ...
    node-control-lc: Unpacking libalgorithm-diff-xs-perl (0.04-6build3) ...
    node-control-lc: Selecting previously unselected package libalgorithm-merge-perl.
    node-control-lc: Preparing to unpack .../51-libalgorithm-merge-perl_0.08-3_all.deb ...
    node-control-lc: Unpacking libalgorithm-merge-perl (0.08-3) ...
    node-control-lc: Selecting previously unselected package libfontconfig1:amd64.
    node-control-lc: Preparing to unpack .../52-libfontconfig1_2.13.1-4.2ubuntu5_amd64.deb ...
    node-control-lc: Unpacking libfontconfig1:amd64 (2.13.1-4.2ubuntu5) ...
    node-control-lc: Selecting previously unselected package libjpeg-turbo8:amd64.
    node-control-lc: Preparing to unpack .../53-libjpeg-turbo8_2.1.2-0ubuntu1_amd64.deb ...
    node-control-lc: Unpacking libjpeg-turbo8:amd64 (2.1.2-0ubuntu1) ...
    node-control-lc: Selecting previously unselected package libjpeg8:amd64.
    node-control-lc: Preparing to unpack .../54-libjpeg8_8c-2ubuntu10_amd64.deb ...
    node-control-lc: Unpacking libjpeg8:amd64 (8c-2ubuntu10) ...
    node-control-lc: Selecting previously unselected package libdeflate0:amd64.
    node-control-lc: Preparing to unpack .../55-libdeflate0_1.10-2_amd64.deb ...
    node-control-lc: Unpacking libdeflate0:amd64 (1.10-2) ...
    node-control-lc: Selecting previously unselected package libjbig0:amd64.
    node-control-lc: Preparing to unpack .../56-libjbig0_2.1-3.1ubuntu0.22.04.1_amd64.deb ...
    node-control-lc: Unpacking libjbig0:amd64 (2.1-3.1ubuntu0.22.04.1) ...
    node-control-lc: Selecting previously unselected package libwebp7:amd64.
    node-control-lc: Preparing to unpack .../57-libwebp7_1.2.2-2ubuntu0.22.04.2_amd64.deb ...
    node-control-lc: Unpacking libwebp7:amd64 (1.2.2-2ubuntu0.22.04.2) ...
    node-control-lc: Selecting previously unselected package libtiff5:amd64.
    node-control-lc: Preparing to unpack .../58-libtiff5_4.3.0-6ubuntu0.13_amd64.deb ...
    node-control-lc: Unpacking libtiff5:amd64 (4.3.0-6ubuntu0.13) ...
    node-control-lc: Selecting previously unselected package libxpm4:amd64.
    node-control-lc: Preparing to unpack .../59-libxpm4_1%3a3.5.12-1ubuntu0.22.04.2_amd64.deb ...
    node-control-lc: Unpacking libxpm4:amd64 (1:3.5.12-1ubuntu0.22.04.2) ...
    node-control-lc: Selecting previously unselected package libgd3:amd64.
    node-control-lc: Preparing to unpack .../60-libgd3_2.3.0-2ubuntu2.3_amd64.deb ...
    node-control-lc: Unpacking libgd3:amd64 (2.3.0-2ubuntu2.3) ...
    node-control-lc: Selecting previously unselected package libc-devtools.
    node-control-lc: Preparing to unpack .../61-libc-devtools_2.35-0ubuntu3.13_amd64.deb ...
    node-control-lc: Unpacking libc-devtools (2.35-0ubuntu3.13) ...
    node-control-lc: Selecting previously unselected package libexpat1-dev:amd64.
    node-control-lc: Preparing to unpack .../62-libexpat1-dev_2.4.7-1ubuntu0.7_amd64.deb ...
    node-control-lc: Unpacking libexpat1-dev:amd64 (2.4.7-1ubuntu0.7) ...
    node-control-lc: Selecting previously unselected package libfile-fcntllock-perl.
    node-control-lc: Preparing to unpack .../63-libfile-fcntllock-perl_0.22-3build7_amd64.deb ...
    node-control-lc: Unpacking libfile-fcntllock-perl (0.22-3build7) ...
    node-control-lc: Selecting previously unselected package libjs-jquery.
    node-control-lc: Preparing to unpack .../64-libjs-jquery_3.6.0+dfsg+~3.5.13-1_all.deb ...
    node-control-lc: Unpacking libjs-jquery (3.6.0+dfsg+~3.5.13-1) ...
    node-control-lc: Selecting previously unselected package libjs-underscore.
    node-control-lc: Preparing to unpack .../65-libjs-underscore_1.13.2~dfsg-2_all.deb ...
    node-control-lc: Unpacking libjs-underscore (1.13.2~dfsg-2) ...
    node-control-lc: Selecting previously unselected package libjs-sphinxdoc.
    node-control-lc: Preparing to unpack .../66-libjs-sphinxdoc_4.3.2-1_all.deb ...
    node-control-lc: Unpacking libjs-sphinxdoc (4.3.2-1) ...
    node-control-lc: Selecting previously unselected package zlib1g-dev:amd64.
    node-control-lc: Preparing to unpack .../67-zlib1g-dev_1%3a1.2.11.dfsg-2ubuntu9.2_amd64.deb ...
    node-control-lc: Unpacking zlib1g-dev:amd64 (1:1.2.11.dfsg-2ubuntu9.2) ...
    node-control-lc: Selecting previously unselected package libpython3.10-dev:amd64.
    node-control-lc: Preparing to unpack .../68-libpython3.10-dev_3.10.12-1~22.04.15_amd64.deb ...
    node-control-lc: Unpacking libpython3.10-dev:amd64 (3.10.12-1~22.04.15) ...
    node-control-lc: Selecting previously unselected package libpython3-dev:amd64.
    node-control-lc: Preparing to unpack .../69-libpython3-dev_3.10.6-1~22.04.1_amd64.deb ...
    node-control-lc: Unpacking libpython3-dev:amd64 (3.10.6-1~22.04.1) ...
    node-control-lc: Selecting previously unselected package manpages-dev.
    node-control-lc: Preparing to unpack .../70-manpages-dev_5.10-1ubuntu1_all.deb ...
    node-control-lc: Unpacking manpages-dev (5.10-1ubuntu1) ...
    node-control-lc: Selecting previously unselected package python3-argcomplete.
    node-control-lc: Preparing to unpack .../71-python3-argcomplete_1.8.1-1.5_all.deb ...
    node-control-lc: Unpacking python3-argcomplete (1.8.1-1.5) ...
    node-control-lc: Selecting previously unselected package python3.10-dev.
    node-control-lc: Preparing to unpack .../72-python3.10-dev_3.10.12-1~22.04.15_amd64.deb ...
    node-control-lc: Unpacking python3.10-dev (3.10.12-1~22.04.15) ...
    node-control-lc: Selecting previously unselected package python3-dev.
    node-control-lc: Preparing to unpack .../73-python3-dev_3.10.6-1~22.04.1_amd64.deb ...
    node-control-lc: Unpacking python3-dev (3.10.6-1~22.04.1) ...
    node-control-lc: Selecting previously unselected package python3-jmespath.
    node-control-lc: Preparing to unpack .../74-python3-jmespath_0.10.0-1_all.deb ...
    node-control-lc: Unpacking python3-jmespath (0.10.0-1) ...
    node-control-lc: Selecting previously unselected package python3-kerberos.
    node-control-lc: Preparing to unpack .../75-python3-kerberos_1.1.14-3.1build5_amd64.deb ...
    node-control-lc: Unpacking python3-kerberos (1.1.14-3.1build5) ...
    node-control-lc: Selecting previously unselected package python3-lockfile.
    node-control-lc: Preparing to unpack .../76-python3-lockfile_1%3a0.12.2-2.2_all.deb ...
    node-control-lc: Unpacking python3-lockfile (1:0.12.2-2.2) ...
    node-control-lc: Selecting previously unselected package python3-simplejson.
    node-control-lc: Preparing to unpack .../77-python3-simplejson_3.17.6-1build1_amd64.deb ...
    node-control-lc: Unpacking python3-simplejson (3.17.6-1build1) ...
    node-control-lc: Selecting previously unselected package python3-libcloud.
    node-control-lc: Preparing to unpack .../78-python3-libcloud_3.2.0-2_all.deb ...
    node-control-lc: Unpacking python3-libcloud (3.2.0-2) ...
    node-control-lc: Selecting previously unselected package python3-ntlm-auth.
    node-control-lc: Preparing to unpack .../79-python3-ntlm-auth_1.4.0-1_all.deb ...
    node-control-lc: Unpacking python3-ntlm-auth (1.4.0-1) ...
    node-control-lc: Selecting previously unselected package python3-wheel.
    node-control-lc: Preparing to unpack .../80-python3-wheel_0.37.1-2ubuntu0.22.04.1_all.deb ...
    node-control-lc: Unpacking python3-wheel (0.37.1-2ubuntu0.22.04.1) ...
    node-control-lc: Selecting previously unselected package python3-pip.
    node-control-lc: Preparing to unpack .../81-python3-pip_22.0.2+dfsg-1ubuntu0.7_all.deb ...
    node-control-lc: Unpacking python3-pip (22.0.2+dfsg-1ubuntu0.7) ...
    node-control-lc: Selecting previously unselected package python3-requests-kerberos.
    node-control-lc: Preparing to unpack .../82-python3-requests-kerberos_0.12.0-2_all.deb ...
    node-control-lc: Unpacking python3-requests-kerberos (0.12.0-2) ...
    node-control-lc: Selecting previously unselected package python3-requests-ntlm.
    node-control-lc: Preparing to unpack .../83-python3-requests-ntlm_1.1.0-1.1_all.deb ...
    node-control-lc: Unpacking python3-requests-ntlm (1.1.0-1.1) ...
    node-control-lc: Selecting previously unselected package python3-requests-toolbelt.
    node-control-lc: Preparing to unpack .../84-python3-requests-toolbelt_0.9.1-1_all.deb ...
    node-control-lc: Unpacking python3-requests-toolbelt (0.9.1-1) ...
    node-control-lc: Selecting previously unselected package python3-selinux.
    node-control-lc: Preparing to unpack .../85-python3-selinux_3.3-1build2_amd64.deb ...
    node-control-lc: Unpacking python3-selinux (3.3-1build2) ...
    node-control-lc: Selecting previously unselected package python3-xmltodict.
    node-control-lc: Preparing to unpack .../86-python3-xmltodict_0.12.0-2_all.deb ...
    node-control-lc: Unpacking python3-xmltodict (0.12.0-2) ...
    node-control-lc: Selecting previously unselected package python3-winrm.
    node-control-lc: Preparing to unpack .../87-python3-winrm_0.3.0-2_all.deb ...
    node-control-lc: Unpacking python3-winrm (0.3.0-2) ...
    node-control-lc: Selecting previously unselected package sshpass.
    node-control-lc: Preparing to unpack .../88-sshpass_1.09-1_amd64.deb ...
    node-control-lc: Unpacking sshpass (1.09-1) ...
    node-control-lc: Setting up libexpat1:amd64 (2.4.7-1ubuntu0.7) ...
    node-control-lc: Setting up javascript-common (11+nmu1) ...
    node-control-lc: Setting up python3-lockfile (1:0.12.2-2.2) ...
    node-control-lc: Setting up gcc-11-base:amd64 (11.4.0-1ubuntu1~22.04.3) ...
    node-control-lc: Setting up manpages-dev (5.10-1ubuntu1) ...
    node-control-lc: Setting up lto-disabled-list (24) ...
    node-control-lc: Setting up python3-requests-toolbelt (0.9.1-1) ...
    node-control-lc: Setting up libxpm4:amd64 (1:3.5.12-1ubuntu0.22.04.2) ...
    node-control-lc: Setting up libfile-fcntllock-perl (0.22-3build7) ...
    node-control-lc: Setting up libalgorithm-diff-perl (1.201-1) ...
    node-control-lc: Setting up python3-ntlm-auth (1.4.0-1) ...
    node-control-lc: Setting up python3-pycryptodome (3.11.0+dfsg1-3ubuntu0.1) ...
    node-control-lc: Setting up libdeflate0:amd64 (1.10-2) ...
    node-control-lc: Setting up linux-libc-dev:amd64 (5.15.0-176.186) ...
    node-control-lc: Setting up python3-kerberos (1.1.14-3.1build5) ...
    node-control-lc: Setting up libgomp1:amd64 (12.3.0-1ubuntu1~22.04.3) ...
    node-control-lc: Setting up bzip2 (1.0.8-5build1) ...
    node-control-lc: Setting up sshpass (1.09-1) ...
    node-control-lc: Setting up python3-wheel (0.37.1-2ubuntu0.22.04.1) ...
    node-control-lc: Setting up libjbig0:amd64 (2.1-3.1ubuntu0.22.04.1) ...
    node-control-lc: Setting up libfakeroot:amd64 (1.28-1ubuntu1) ...
    node-control-lc: Setting up libasan6:amd64 (11.4.0-1ubuntu1~22.04.3) ...
    node-control-lc: Setting up fakeroot (1.28-1ubuntu1) ...
    node-control-lc: update-alternatives: using /usr/bin/fakeroot-sysv to provide /usr/bin/fakeroot (fakeroot) in auto mode
    node-control-lc: Setting up python3-simplejson (3.17.6-1build1) ...
    node-control-lc: Setting up python3-xmltodict (0.12.0-2) ...
    node-control-lc: Setting up libtirpc-dev:amd64 (1.3.2-2ubuntu0.1) ...
    node-control-lc: Setting up rpcsvc-proto (1.4.2-0ubuntu6) ...
    node-control-lc: Setting up make (4.3-4.1build1) ...
    node-control-lc: Setting up python3-jmespath (0.10.0-1) ...
    node-control-lc: Setting up libquadmath0:amd64 (12.3.0-1ubuntu1~22.04.3) ...
    node-control-lc: Setting up libmpc3:amd64 (1.2.1-2build1) ...
    node-control-lc: Setting up libatomic1:amd64 (12.3.0-1ubuntu1~22.04.3) ...
    node-control-lc: Setting up libpython3.10-minimal:amd64 (3.10.12-1~22.04.15) ...
    node-control-lc: Setting up fonts-dejavu-core (2.37-2build1) ...
    node-control-lc: Setting up python3-pip (22.0.2+dfsg-1ubuntu0.7) ...
    node-control-lc: Setting up libjpeg-turbo8:amd64 (2.1.2-0ubuntu1) ...
    node-control-lc: Setting up libdpkg-perl (1.21.1ubuntu2.6) ...
    node-control-lc: Setting up libwebp7:amd64 (1.2.2-2ubuntu0.22.04.2) ...
    node-control-lc: Setting up libubsan1:amd64 (12.3.0-1ubuntu1~22.04.3) ...
    node-control-lc: Setting up python3-requests-kerberos (0.12.0-2) ...
    node-control-lc: Setting up ieee-data (20210605.1) ...
    node-control-lc: Setting up libnsl-dev:amd64 (1.3.0-2build2) ...
    node-control-lc: Setting up python3-dnspython (2.1.0-1ubuntu1) ...
    node-control-lc: Setting up libcrypt-dev:amd64 (1:4.4.27-1) ...
    node-control-lc: Setting up python3-selinux (3.3-1build2) ...
    node-control-lc: Setting up libjs-jquery (3.6.0+dfsg+~3.5.13-1) ...
    node-control-lc: Setting up libisl23:amd64 (0.24-2build1) ...
    node-control-lc: Setting up libc-dev-bin (2.35-0ubuntu3.13) ...
    node-control-lc: Setting up python3-argcomplete (1.8.1-1.5) ...
    node-control-lc: Setting up libalgorithm-diff-xs-perl (0.04-6build3) ...
    node-control-lc: Setting up libcc1-0:amd64 (12.3.0-1ubuntu1~22.04.3) ...
    node-control-lc: Setting up liblsan0:amd64 (12.3.0-1ubuntu1~22.04.3) ...
    node-control-lc: Setting up libitm1:amd64 (12.3.0-1ubuntu1~22.04.3) ...
    node-control-lc: Setting up libjs-underscore (1.13.2~dfsg-2) ...
    node-control-lc: Setting up libalgorithm-merge-perl (0.08-3) ...
    node-control-lc: Setting up libtsan0:amd64 (11.4.0-1ubuntu1~22.04.3) ...
    node-control-lc: Setting up libjpeg8:amd64 (8c-2ubuntu10) ...
    node-control-lc: Setting up cpp-11 (11.4.0-1ubuntu1~22.04.3) ...
    node-control-lc: Setting up python3-requests-ntlm (1.1.0-1.1) ...
    node-control-lc: Setting up fontconfig-config (2.13.1-4.2ubuntu5) ...
    node-control-lc: Setting up python3-libcloud (3.2.0-2) ...
    node-control-lc: Setting up python3.10-minimal (3.10.12-1~22.04.15) ...
    node-control-lc: Setting up dpkg-dev (1.21.1ubuntu2.6) ...
    node-control-lc: Setting up libpython3.10-stdlib:amd64 (3.10.12-1~22.04.15) ...
    node-control-lc: Setting up libjs-sphinxdoc (4.3.2-1) ...
    node-control-lc: Setting up libgcc-11-dev:amd64 (11.4.0-1ubuntu1~22.04.3) ...
    node-control-lc: Setting up python3-netaddr (0.8.0-2) ...
    node-control-lc: Setting up gcc-11 (11.4.0-1ubuntu1~22.04.3) ...
    node-control-lc: Setting up cpp (4:11.2.0-1ubuntu1) ...
    node-control-lc: Setting up libc6-dev:amd64 (2.35-0ubuntu3.13) ...
    node-control-lc: Setting up python3-winrm (0.3.0-2) ...
    node-control-lc: Setting up libtiff5:amd64 (4.3.0-6ubuntu0.13) ...
    node-control-lc: Setting up libfontconfig1:amd64 (2.13.1-4.2ubuntu5) ...
    node-control-lc: Setting up ansible (2.10.7+merged+base+2.10.8+dfsg-1) ...
    node-control-lc: Setting up libpython3.10:amd64 (3.10.12-1~22.04.15) ...
    node-control-lc: Setting up python3.10 (3.10.12-1~22.04.15) ...
    node-control-lc: Setting up gcc (4:11.2.0-1ubuntu1) ...
    node-control-lc: Setting up libexpat1-dev:amd64 (2.4.7-1ubuntu0.7) ...
    node-control-lc: Setting up libgd3:amd64 (2.3.0-2ubuntu2.3) ...
    node-control-lc: Setting up libstdc++-11-dev:amd64 (11.4.0-1ubuntu1~22.04.3) ...
    node-control-lc: Setting up zlib1g-dev:amd64 (1:1.2.11.dfsg-2ubuntu9.2) ...
    node-control-lc: Setting up libc-devtools (2.35-0ubuntu3.13) ...
    node-control-lc: Setting up g++-11 (11.4.0-1ubuntu1~22.04.3) ...
    node-control-lc: Setting up libpython3.10-dev:amd64 (3.10.12-1~22.04.15) ...
    node-control-lc: Setting up python3.10-dev (3.10.12-1~22.04.15) ...
    node-control-lc: Setting up g++ (4:11.2.0-1ubuntu1) ...
    node-control-lc: update-alternatives: using /usr/bin/g++ to provide /usr/bin/c++ (c++) in auto mode
    node-control-lc: Setting up build-essential (12.9ubuntu3) ...
    node-control-lc: Setting up libpython3-dev:amd64 (3.10.6-1~22.04.1) ...
    node-control-lc: Setting up python3-dev (3.10.6-1~22.04.1) ...
    node-control-lc: Processing triggers for man-db (2.10.2-1) ...
    node-control-lc: Processing triggers for libc-bin (2.35-0ubuntu3.10) ...
    node-control-lc: NEEDRESTART-VER: 3.5
    node-control-lc: NEEDRESTART-KCUR: 5.15.0-144-generic
    node-control-lc: NEEDRESTART-KEXP: 5.15.0-144-generic
    node-control-lc: NEEDRESTART-KSTA: 1
    node-control-lc: NEEDRESTART-SVC: cron.service
    node-control-lc: NEEDRESTART-SVC: dbus.service
    node-control-lc: NEEDRESTART-SVC: getty@tty1.service
    node-control-lc: NEEDRESTART-SVC: multipathd.service
    node-control-lc: NEEDRESTART-SVC: networkd-dispatcher.service
    node-control-lc: NEEDRESTART-SVC: packagekit.service
    node-control-lc: NEEDRESTART-SVC: polkit.service
    node-control-lc: NEEDRESTART-SVC: rsyslog.service
    node-control-lc: NEEDRESTART-SVC: serial-getty@ttyS0.service
    node-control-lc: NEEDRESTART-SVC: ssh.service
    node-control-lc: NEEDRESTART-SVC: systemd-journald.service
    node-control-lc: NEEDRESTART-SVC: systemd-logind.service
    node-control-lc: NEEDRESTART-SVC: systemd-networkd.service
    node-control-lc: NEEDRESTART-SVC: systemd-resolved.service
    node-control-lc: NEEDRESTART-SVC: systemd-timesyncd.service
    node-control-lc: NEEDRESTART-SVC: systemd-udevd.service
    node-control-lc: NEEDRESTART-SVC: unattended-upgrades.service
    node-control-lc: NEEDRESTART-SVC: user@1000.service
    node-control-lc: WARNING: Running pip as the 'root' user can result in broken permissions and conflicting behaviour with the system package manager. It is recommended to use a virtual environment instead: https://pip.pypa.io/warnings/venv
    node-control-lc: Распространение SSH-ключа на 192.168.57.10...
    node-control-lc: Now try logging into the machine, with:   "ssh -o 'StrictHostKeyChecking=no' -o 'UserKnownHostsFile=/dev/null' 'demo@192.168.57.10'"
    node-control-lc: and check to make sure that only the key(s) you wanted were added.
    node-control-lc: 
    node-control-lc: Распространение SSH-ключа на 192.168.57.20...
    node-control-lc: Now try logging into the machine, with:   "ssh -o 'StrictHostKeyChecking=no' -o 'UserKnownHostsFile=/dev/null' 'demo@192.168.57.20'"
    node-control-lc: and check to make sure that only the key(s) you wanted were added.
    node-control-lc: 
    node-control-lc: Распространение SSH-ключа на 192.168.57.30...
    node-control-lc: Now try logging into the machine, with:   "ssh -o 'StrictHostKeyChecking=no' -o 'UserKnownHostsFile=/dev/null' 'demo@192.168.57.30'"
    node-control-lc: and check to make sure that only the key(s) you wanted were added.
    node-control-lc: 
    node-control-lc: 
    node-control-lc: === Ansible connectivity test ===
    node-control-lc: node-gitlab-lc | SUCCESS => {
    node-control-lc:     "changed": false,
    node-control-lc:     "ping": "pong"
    node-control-lc: }
    node-control-lc: node-redmine-lc | SUCCESS => {
    node-control-lc:     "changed": false,
    node-control-lc:     "ping": "pong"
    node-control-lc: }
    node-control-lc: node-mattermost-lc | SUCCESS => {
    node-control-lc:     "changed": false,
    node-control-lc:     "ping": "pong"
    node-control-lc: }
    node-control-lc: 
    node-control-lc: [node-control-lc] provisioning done — cluster-lifecycle scenario=missing

==> node-gitlab-lc: Machine 'node-gitlab-lc' has a post `vagrant up` message. This is a message
==> node-gitlab-lc: from the creator of the Vagrantfile, and not from Vagrant itself:
==> node-gitlab-lc: 
==> node-gitlab-lc: node-gitlab-lc (192.168.57.10) — GitLab CE [scenario=missing]

==> node-redmine-lc: Machine 'node-redmine-lc' has a post `vagrant up` message. This is a message
==> node-redmine-lc: from the creator of the Vagrantfile, and not from Vagrant itself:
==> node-redmine-lc: 
==> node-redmine-lc: node-redmine-lc (192.168.57.20) — Redmine + PostgreSQL [scenario=missing]

==> node-mattermost-lc: Machine 'node-mattermost-lc' has a post `vagrant up` message. This is a message
==> node-mattermost-lc: from the creator of the Vagrantfile, and not from Vagrant itself:
==> node-mattermost-lc: 
==> node-mattermost-lc: node-mattermost-lc (192.168.57.30) — Mattermost + PostgreSQL [scenario=missing]

==> node-control-lc: Machine 'node-control-lc' has a post `vagrant up` message. This is a message
==> node-control-lc: from the creator of the Vagrantfile, and not from Vagrant itself:
==> node-control-lc: 
==> node-control-lc: node-control-lc (192.168.57.5) — Ansible control-node [scenario=missing]
